Archive member included because of file (symbol)

C:\Users\ronakrm\Documents\Downloaded\IntegratedSegway-master\SoftConsole\controller_MSS_MSS_CM3_0\controller_MSS_MSS_CM3_0_hw_platform\Debug\libcontroller_MSS_MSS_CM3_0_hw_platform.a(mss_uart.o)
                              C:/Users/ronakrm/Documents/Downloaded/IntegratedSegway-master/SoftConsole/controller_MSS_MSS_CM3_0/controller_MSS_MSS_CM3_0_hw_platform/Debug/CMSIS/startup_gcc/newlib_stubs.o (MSS_UART_polled_tx)
C:\Users\ronakrm\Documents\Downloaded\IntegratedSegway-master\SoftConsole\controller_MSS_MSS_CM3_0\controller_MSS_MSS_CM3_0_hw_platform\Debug\libcontroller_MSS_MSS_CM3_0_hw_platform.a(mss_i2c.o)
                              ./main.o (MSS_I2C_init)
C:\Users\ronakrm\Documents\Downloaded\IntegratedSegway-master\SoftConsole\controller_MSS_MSS_CM3_0\controller_MSS_MSS_CM3_0_hw_platform\Debug\libcontroller_MSS_MSS_CM3_0_hw_platform.a(mss_gpio.o)
                              ./main.o (MSS_GPIO_init)
C:\Users\ronakrm\Documents\Downloaded\IntegratedSegway-master\SoftConsole\controller_MSS_MSS_CM3_0\controller_MSS_MSS_CM3_0_hw_platform\Debug\libcontroller_MSS_MSS_CM3_0_hw_platform.a(core_cm3.o)
                              C:\Users\ronakrm\Documents\Downloaded\IntegratedSegway-master\SoftConsole\controller_MSS_MSS_CM3_0\controller_MSS_MSS_CM3_0_hw_platform\Debug\libcontroller_MSS_MSS_CM3_0_hw_platform.a(mss_i2c.o) (__get_PRIMASK)
C:\Users\ronakrm\Documents\Downloaded\IntegratedSegway-master\SoftConsole\controller_MSS_MSS_CM3_0\controller_MSS_MSS_CM3_0_hw_platform\Debug\libcontroller_MSS_MSS_CM3_0_hw_platform.a(system_a2fxxxm3.o)
                              C:/Users/ronakrm/Documents/Downloaded/IntegratedSegway-master/SoftConsole/controller_MSS_MSS_CM3_0/controller_MSS_MSS_CM3_0_hw_platform/Debug/CMSIS/startup_gcc/startup_a2fxxxm3.o (SystemInit)
c:/actel/libero_v9.1/softconsole/sourcery-g++/bin/../lib/gcc/arm-none-eabi/4.4.1/thumb2\libgcc.a(_arm_addsubdf3.o)
                              ./main.o (__aeabi_dsub)
c:/actel/libero_v9.1/softconsole/sourcery-g++/bin/../lib/gcc/arm-none-eabi/4.4.1/thumb2\libgcc.a(_arm_muldivdf3.o)
                              ./main.o (__aeabi_dmul)
c:/actel/libero_v9.1/softconsole/sourcery-g++/bin/../lib/gcc/arm-none-eabi/4.4.1/thumb2\libgcc.a(_arm_truncdfsf2.o)
                              ./main.o (__aeabi_d2f)
c:/actel/libero_v9.1/softconsole/sourcery-g++/bin/../lib/gcc/arm-none-eabi/4.4.1/thumb2\libgcc.a(_arm_addsubsf3.o)
                              ./main.o (__aeabi_fsub)
c:/actel/libero_v9.1/softconsole/sourcery-g++/bin/../lib/gcc/arm-none-eabi/4.4.1/thumb2\libgcc.a(_arm_muldivsf3.o)
                              ./main.o (__aeabi_fmul)
c:/actel/libero_v9.1/softconsole/sourcery-g++/bin/../lib/gcc/arm-none-eabi/4.4.1/thumb2\libgcc.a(_arm_cmpsf2.o)
                              ./main.o (__aeabi_fcmplt)
c:/actel/libero_v9.1/softconsole/sourcery-g++/bin/../lib/gcc/arm-none-eabi/4.4.1/thumb2\libgcc.a(_arm_fixsfsi.o)
                              ./main.o (__aeabi_f2iz)
c:/actel/libero_v9.1/softconsole/sourcery-g++/bin/../lib/gcc/arm-none-eabi/4.4.1/thumb2\libgcc.a(_arm_fixunssfsi.o)
                              ./main.o (__aeabi_f2uiz)
c:/actel/libero_v9.1/softconsole/sourcery-g++/bin/../lib/gcc/arm-none-eabi/4.4.1/../../../../arm-none-eabi/lib/thumb2\libc.a(lib_a-errno.o)
                              C:/Users/ronakrm/Documents/Downloaded/IntegratedSegway-master/SoftConsole/controller_MSS_MSS_CM3_0/controller_MSS_MSS_CM3_0_hw_platform/Debug/CMSIS/startup_gcc/newlib_stubs.o (__errno)
c:/actel/libero_v9.1/softconsole/sourcery-g++/bin/../lib/gcc/arm-none-eabi/4.4.1/../../../../arm-none-eabi/lib/thumb2\libc.a(lib_a-impure.o)
                              c:/actel/libero_v9.1/softconsole/sourcery-g++/bin/../lib/gcc/arm-none-eabi/4.4.1/../../../../arm-none-eabi/lib/thumb2\libc.a(lib_a-errno.o) (_impure_ptr)
c:/actel/libero_v9.1/softconsole/sourcery-g++/bin/../lib/gcc/arm-none-eabi/4.4.1/../../../../arm-none-eabi/lib/thumb2\libc.a(lib_a-init.o)
                              C:/Users/ronakrm/Documents/Downloaded/IntegratedSegway-master/SoftConsole/controller_MSS_MSS_CM3_0/controller_MSS_MSS_CM3_0_hw_platform/Debug/CMSIS/startup_gcc/startup_a2fxxxm3.o (__libc_init_array)
c:/actel/libero_v9.1/softconsole/sourcery-g++/bin/../lib/gcc/arm-none-eabi/4.4.1/../../../../arm-none-eabi/lib/thumb2\libc.a(lib_a-printf.o)
                              ./controller.o (printf)
c:/actel/libero_v9.1/softconsole/sourcery-g++/bin/../lib/gcc/arm-none-eabi/4.4.1/../../../../arm-none-eabi/lib/thumb2\libc.a(lib_a-vfprintf.o)
                              c:/actel/libero_v9.1/softconsole/sourcery-g++/bin/../lib/gcc/arm-none-eabi/4.4.1/../../../../arm-none-eabi/lib/thumb2\libc.a(lib_a-printf.o) (_vfprintf_r)
c:/actel/libero_v9.1/softconsole/sourcery-g++/bin/../lib/gcc/arm-none-eabi/4.4.1/../../../../arm-none-eabi/lib/thumb2\libc.a(lib_a-wsetup.o)
[...]
Memory Configuration

Name             Origin             Length             Attributes
rom              0x60000000         0x00040000         xr
romMirror        0x00000000         0x00040000         xr
ram              0x20000000         0x00010000         xrw
*default*        0x00000000         0xffffffff

Linker script and memory map

LOAD c:/actel/libero_v9.1/softconsole/sourcery-g++/bin/../lib/gcc/arm-none-eabi/4.4.1/thumb2/crti.o
LOAD c:/actel/libero_v9.1/softconsole/sourcery-g++/bin/../lib/gcc/arm-none-eabi/4.4.1/thumb2/crtbegin.o
LOAD ./controller.o
LOAD ./imu.o
LOAD ./main.o
LOAD C:/Users/ronakrm/Documents/Downloaded/IntegratedSegway-master/SoftConsole/controller_MSS_MSS_CM3_0/controller_MSS_MSS_CM3_0_hw_platform/Debug/CMSIS/startup_gcc/startup_a2fxxxm3.o
LOAD C:/Users/ronakrm/Documents/Downloaded/IntegratedSegway-master/SoftConsole/controller_MSS_MSS_CM3_0/controller_MSS_MSS_CM3_0_hw_platform/Debug/CMSIS/startup_gcc/newlib_stubs.o
LOAD C:\Users\ronakrm\Documents\Downloaded\IntegratedSegway-master\SoftConsole\controller_MSS_MSS_CM3_0\controller_MSS_MSS_CM3_0_hw_platform\Debug\libcontroller_MSS_MSS_CM3_0_hw_platform.a
START GROUP
LOAD c:/actel/libero_v9.1/softconsole/sourcery-g++/bin/../lib/gcc/arm-none-eabi/4.4.1/thumb2\libgcc.a
LOAD c:/actel/libero_v9.1/softconsole/sourcery-g++/bin/../lib/gcc/arm-none-eabi/4.4.1/../../../../arm-none-eabi/lib/thumb2\libc.a
END GROUP
LOAD c:/actel/libero_v9.1/softconsole/sourcery-g++/bin/../lib/gcc/arm-none-eabi/4.4.1/thumb2/crtend.o
LOAD c:/actel/libero_v9.1/softconsole/sourcery-g++/bin/../lib/gcc/arm-none-eabi/4.4.1/thumb2/crtn.o
START GROUP
LOAD c:/actel/libero_v9.1/softconsole/sourcery-g++/bin/../lib/gcc/arm-none-eabi/4.4.1/../../../../arm-none-eabi/lib/thumb2\libc.a
LOAD c:/actel/libero_v9.1/softconsole/sourcery-g++/bin/../lib/gcc/arm-none-eabi/4.4.1/thumb2\libgcc.a
LOAD c:/actel/libero_v9.1/softconsole/sourcery-g++/bin/../lib/gcc/arm-none-eabi/4.4.1/../../../../arm-none-eabi/lib/thumb2\libm.a
END GROUP
                0x00000000                __DYNAMIC = 0x0
                0x20000000                RAM_START_ADDRESS = 0x20000000
                0x00010000                RAM_SIZE = 0x10000
                0x00002000                MAIN_STACK_SIZE = 0x2000
                0x00001000                PROCESS_STACK_SIZE = 0x1000
                0x20010000                PROVIDE (__main_stack_start, (RAM_START_ADDRESS + RAM_SIZE))
                0x2000e000                PROVIDE (__process_stack_start, (__main_stack_start - MAIN_STACK_SIZE))
                0x20010000                PROVIDE (_estack, __main_stack_start)
                0x00000001                PROVIDE (__mirrored_nvm, 0x1)

.init           0x00000000      0x470 load address 0x60000000
 *(.isr_vector)
 .isr_vector    0x00000000      0x470 C:/Users/ronakrm/Documents/Downloaded/IntegratedSegway-master/SoftConsole/controller_MSS_MSS_CM3_0/controller_MSS_MSS_CM3_0_hw_platform/Debug/CMSIS/startup_gcc/startup_a2fxxxm3.o
                0x00000000                g_pfnVectors
                0x00000298                Reset_Handler
                0x00000308                NMI_Handler
                0x0000030a                HardFault_Handler
                0x0000030c                MemManage_Handler
                0x0000030e                BusFault_Handler
                0x00000310                UsageFault_Handler
                0x00000312                SVC_Handler
                0x00000314                DebugMon_Handler
                0x00000316                PendSV_Handler
                0x00000318                SysTick_Handler
                0x0000031a                WdogWakeup_IRQHandler
                0x0000031c                BrownOut_1_5V_IRQHandler
                0x0000031e                BrownOut_3_3V_IRQHandler
                0x00000320                RTC_Match_IRQHandler
                0x00000322                RTCIF_Pub_IRQHandler
                0x00000324                EthernetMAC_IRQHandler
                0x00000326                IAP_IRQHandler
                0x00000328                ENVM0_IRQHandler
                0x0000032a                ENVM1_IRQHandler
                0x0000032c                DMA_IRQHandler
                0x00000332                SPI0_IRQHandler
                0x00000334                SPI1_IRQHandler
                0x00000338                I2C0_SMBAlert_IRQHandler
                0x0000033a                I2C0_SMBus_IRQHandler
                0x0000033e                I2C1_SMBAlert_IRQHandler
                0x00000340                I2C1_SMBus_IRQHandler
                0x00000344                Timer2_IRQHandler
                0x00000346                PLL_Lock_IRQHandler
                0x00000348                PLL_LockLost_IRQHandler
                0x0000034a                CommError_IRQHandler
                0x0000034e                GPIO0_IRQHandler
                0x00000350                GPIO1_IRQHandler
                0x00000352                GPIO2_IRQHandler
                0x00000354                GPIO3_IRQHandler
                0x00000356                GPIO4_IRQHandler
                0x00000358                GPIO5_IRQHandler
                0x0000035a                GPIO6_IRQHandler
                0x0000035c                GPIO7_IRQHandler
                0x0000035e                GPIO8_IRQHandler
                0x00000360                GPIO9_IRQHandler
                0x00000362                GPIO10_IRQHandler
                0x00000364                GPIO11_IRQHandler
                0x00000366                GPIO12_IRQHandler
                0x00000368                GPIO13_IRQHandler
                0x0000036a                GPIO14_IRQHandler
                0x0000036c                GPIO15_IRQHandler
                0x0000036e                GPIO16_IRQHandler
                0x00000370                GPIO17_IRQHandler
                0x00000372                GPIO18_IRQHandler
                0x00000374                GPIO19_IRQHandler
                0x00000376                GPIO20_IRQHandler
                0x00000378                GPIO21_IRQHandler
                0x0000037a                GPIO22_IRQHandler
                0x0000037c                GPIO23_IRQHandler
                0x0000037e                GPIO24_IRQHandler
                0x00000380                GPIO25_IRQHandler
                0x00000382                GPIO26_IRQHandler
                0x00000384                GPIO27_IRQHandler
                0x00000386                GPIO28_IRQHandler
                0x00000388                GPIO29_IRQHandler
                0x0000038a                GPIO30_IRQHandler
                0x0000038c                GPIO31_IRQHandler
                0x0000038e                ACE_PC0_Flag0_IRQHandler
                0x00000390                ACE_PC0_Flag1_IRQHandler
                0x00000392                ACE_PC0_Flag2_IRQHandler
                0x00000394                ACE_PC0_Flag3_IRQHandler
                0x00000396                ACE_PC1_Flag0_IRQHandler
                0x00000398                ACE_PC1_Flag1_IRQHandler
                0x0000039a                ACE_PC1_Flag2_IRQHandler
                0x0000039c                ACE_PC1_Flag3_IRQHandler
                0x0000039e                ACE_PC2_Flag0_IRQHandler
                0x000003a0                ACE_PC2_Flag1_IRQHandler
                0x000003a2                ACE_PC2_Flag2_IRQHandler
                0x000003a4                ACE_PC2_Flag3_IRQHandler
                0x000003a6                ACE_ADC0_DataValid_IRQHandler
                0x000003a8                ACE_ADC1_DataValid_IRQHandler
                0x000003aa                ACE_ADC2_DataValid_IRQHandler
                0x000003ac                ACE_ADC0_CalDone_IRQHandler
                0x000003ae                ACE_ADC1_CalDone_IRQHandler
                0x000003b0                ACE_ADC2_CalDone_IRQHandler
                0x000003b2                ACE_ADC0_CalStart_IRQHandler
                0x000003b4                ACE_ADC1_CalStart_IRQHandler
                0x000003b6                ACE_ADC2_CalStart_IRQHandler
                0x000003b8                ACE_Comp0_Fall_IRQHandler
                0x000003ba                ACE_Comp1_Fall_IRQHandler
                0x000003bc                ACE_Comp2_Fall_IRQHandler
                0x000003be                ACE_Comp3_Fall_IRQHandler
                0x000003c0                ACE_Comp4_Fall_IRQHandler
                0x000003c2                ACE_Comp5_Fall_IRQHandler
                0x000003c4                ACE_Comp6_Fall_IRQHandler
                0x000003c6                ACE_Comp7_Fall_IRQHandler
                0x000003c8                ACE_Comp8_Fall_IRQHandler
                0x000003ca                ACE_Comp9_Fall_IRQHandler
                0x000003cc                ACE_Comp10_Fall_IRQHandler
                0x000003ce                ACE_Comp11_Fall_IRQHandler
                0x000003d0                ACE_Comp0_Rise_IRQHandler
                0x000003d2                ACE_Comp1_Rise_IRQHandler
                0x000003d4                ACE_Comp2_Rise_IRQHandler
                0x000003d6                ACE_Comp3_Rise_IRQHandler
                0x000003d8                ACE_Comp4_Rise_IRQHandler
                0x000003da                ACE_Comp5_Rise_IRQHandler
                0x000003dc                ACE_Comp6_Rise_IRQHandler
                0x000003de                ACE_Comp7_Rise_IRQHandler
                0x000003e0                ACE_Comp8_Rise_IRQHandler
                0x000003e2                ACE_Comp9_Rise_IRQHandler
                0x000003e4                ACE_Comp10_Rise_IRQHandler
                0x000003e6                ACE_Comp11_Rise_IRQHandler
                0x000003e8                ACE_ADC0_FifoFull_IRQHandler
                0x000003ea                ACE_ADC0_FifoAFull_IRQHandler
                0x000003ec                ACE_ADC0_FifoEmpty_IRQHandler
                0x000003ee                ACE_ADC1_FifoFull_IRQHandler
                0x000003f0                ACE_ADC1_FifoAFull_IRQHandler
                0x000003f2                ACE_ADC1_FifoEmpty_IRQHandler
                0x000003f4                ACE_ADC2_FifoFull_IRQHandler
                0x000003f6                ACE_ADC2_FifoAFull_IRQHandler
                0x000003f8                ACE_ADC2_FifoEmpty_IRQHandler
                0x000003fa                ACE_PPE_Flag0_IRQHandler
                0x000003fc                ACE_PPE_Flag1_IRQHandler
                0x000003fe                ACE_PPE_Flag2_IRQHandler
                0x00000400                ACE_PPE_Flag3_IRQHandler
                0x00000402                ACE_PPE_Flag4_IRQHandler
                0x00000404                ACE_PPE_Flag5_IRQHandler
                0x00000406                ACE_PPE_Flag6_IRQHandler
                0x00000408                ACE_PPE_Flag7_IRQHandler
                0x0000040a                ACE_PPE_Flag8_IRQHandler
                0x0000040c                ACE_PPE_Flag9_IRQHandler
                0x0000040e                ACE_PPE_Flag10_IRQHandler
                0x00000410                ACE_PPE_Flag11_IRQHandler
                0x00000412                ACE_PPE_Flag12_IRQHandler
                0x00000414                ACE_PPE_Flag13_IRQHandler
                0x00000416                ACE_PPE_Flag14_IRQHandler
                0x00000418                ACE_PPE_Flag15_IRQHandler
                0x0000041a                ACE_PPE_Flag16_IRQHandler
                0x0000041c                ACE_PPE_Flag17_IRQHandler
                0x0000041e                ACE_PPE_Flag18_IRQHandler
                0x00000420                ACE_PPE_Flag19_IRQHandler
                0x00000422                ACE_PPE_Flag20_IRQHandler
                0x00000424                ACE_PPE_Flag21_IRQHandler
                0x00000426                ACE_PPE_Flag22_IRQHandler
                0x00000428                ACE_PPE_Flag23_IRQHandler
                0x0000042a                ACE_PPE_Flag24_IRQHandler
                0x0000042c                ACE_PPE_Flag25_IRQHandler
                0x0000042e                ACE_PPE_Flag26_IRQHandler
                0x00000430                ACE_PPE_Flag27_IRQHandler
                0x00000432                ACE_PPE_Flag28_IRQHandler
                0x00000434                ACE_PPE_Flag29_IRQHandler
                0x00000436                ACE_PPE_Flag30_IRQHandler
                0x00000438                ACE_PPE_Flag31_IRQHandler
 *sys_boot.o(.text)
                0x00000470                . = ALIGN (0x4)

.text           0x00000470     0x8e08 load address 0x60000470
 CREATE_OBJECT_SYMBOLS
                0x60000470                __text_load = LOADADDR (.text)
                0x00000470                __text_start = .
 *(.text .text.* .gnu.linkonce.t.*)
 .text          0x00000470       0x30 c:/actel/libero_v9.1/softconsole/sourcery-g++/bin/../lib/gcc/arm-none-eabi/4.4.1/thumb2/crtbegin.o
 .text.getA     0x000004a0       0x20 ./controller.o
                0x000004a0                getA
 .text.getB     0x000004c0       0x20 ./controller.o
                0x000004c0                getB
 .text.getX     0x000004e0       0x20 ./controller.o
                0x000004e0                getX
 .text.getY     0x00000500       0x20 ./controller.o
                0x00000500                getY
 .text.getStart
                0x00000520       0x20 ./controller.o
                0x00000520                getStart
 .text.getL     0x00000540       0x20 ./controller.o
                0x00000540                getL
 .text.getR     0x00000560       0x20 ./controller.o
                0x00000560                getR
 .text.getZ     0x00000580       0x20 ./controller.o
                0x00000580                getZ
 .text.getDUP   0x000005a0       0x20 ./controller.o
                0x000005a0                getDUP
 .text.getDDOWN
                0x000005c0       0x20 ./controller.o
                0x000005c0                getDDOWN
 .text.getDRIGHT
                0x000005e0       0x20 ./controller.o
                0x000005e0                getDRIGHT
 .text.getDLEFT
                0x00000600       0x20 ./controller.o
                0x00000600                getDLEFT
 .text.getJoyX  0x00000620       0x1c ./controller.o
                0x00000620                getJoyX
 .text.getJoyY  0x0000063c       0x18 ./controller.o
                0x0000063c                getJoyY
 .text.printButtons
                0x00000654      0x144 ./controller.o
                0x00000654                printButtons
 .text.imu_init
                0x00000798       0x14 ./imu.o
                0x00000798                imu_init
 .text.imu_accl_y
                0x000007ac       0x4c ./imu.o
                0x000007ac                imu_accl_y
 .text.imu_gyro_x
                0x000007f8       0x4c ./imu.o
                0x000007f8                imu_gyro_x
 .text.imu_write
                0x00000844       0x4c ./imu.o
                0x00000844                imu_write
 .text.imu_read
                0x00000890       0x70 ./imu.o
                0x00000890                imu_read
 .text.NVIC_EnableIRQ
                0x00000900       0x38 ./main.o
 .text.NVIC_DisableIRQ
                0x00000938       0x3c ./main.o
 .text.NVIC_ClearPendingIRQ
                0x00000974       0x3c ./main.o
 .text.MSS_TIM1_init
                0x000009b0       0x84 ./main.o
 .text.MSS_TIM1_start
                0x00000a34       0x1c ./main.o
 .text.MSS_TIM1_load_background
                0x00000a50       0x20 ./main.o
 .text.MSS_TIM1_enable_irq
                0x00000a70       0x20 ./main.o
 .text.MSS_TIM1_clear_irq
                0x00000a90       0x1c ./main.o
 .text.uart1_rx_handler
                0x00000aac       0xe0 ./main.o
                0x00000aac                uart1_rx_handler
 .text.uart_tx_handler
                0x00000b8c      0x130 ./main.o
                0x00000b8c                uart_tx_handler
 *fill*         0x00000cbc        0x4 00
 .text.Timer1_IRQHandler
                0x00000cc0      0x378 ./main.o
                0x00000cc0                Timer1_IRQHandler
 .text.Fabric_IRQHandler
                0x00001038       0x38 ./main.o
                0x00001038                Fabric_IRQHandler
 .text.main     0x00001070      0x404 ./main.o
                0x00001070                main
 .text._close   0x00001474        0x8 C:/Users/ronakrm/Documents/Downloaded/IntegratedSegway-master/SoftConsole/controller_MSS_MSS_CM3_0/controller_MSS_MSS_CM3_0_hw_platform/Debug/CMSIS/startup_gcc/newlib_stubs.o
                0x00001474                _close
 .text._exit    0x0000147c        0x4 C:/Users/ronakrm/Documents/Downloaded/IntegratedSegway-master/SoftConsole/controller_MSS_MSS_CM3_0/controller_MSS_MSS_CM3_0_hw_platform/Debug/CMSIS/startup_gcc/newlib_stubs.o
                0x0000147c                _exit
 .text._fstat   0x00001480        0xc C:/Users/ronakrm/Documents/Downloaded/IntegratedSegway-master/SoftConsole/controller_MSS_MSS_CM3_0/controller_MSS_MSS_CM3_0_hw_platform/Debug/CMSIS/startup_gcc/newlib_stubs.o
                0x00001480                _fstat
 .text._isatty  0x0000148c        0x8 C:/Users/ronakrm/Documents/Downloaded/IntegratedSegway-master/SoftConsole/controller_MSS_MSS_CM3_0/controller_MSS_MSS_CM3_0_hw_platform/Debug/CMSIS/startup_gcc/newlib_stubs.o
                0x0000148c                _isatty
 .text._lseek   0x00001494        0x8 C:/Users/ronakrm/Documents/Downloaded/IntegratedSegway-master/SoftConsole/controller_MSS_MSS_CM3_0/controller_MSS_MSS_CM3_0_hw_platform/Debug/CMSIS/startup_gcc/newlib_stubs.o
                0x00001494                _lseek
 .text._read    0x0000149c        0x8 C:/Users/ronakrm/Documents/Downloaded/IntegratedSegway-master/SoftConsole/controller_MSS_MSS_CM3_0/controller_MSS_MSS_CM3_0_hw_platform/Debug/CMSIS/startup_gcc/newlib_stubs.o
                0x0000149c                _read
 .text._write_r
                0x000014a4       0x48 C:/Users/ronakrm/Documents/Downloaded/IntegratedSegway-master/SoftConsole/controller_MSS_MSS_CM3_0/controller_MSS_MSS_CM3_0_hw_platform/Debug/CMSIS/startup_gcc/newlib_stubs.o
                0x000014a4                _write_r
 .text._sbrk    0x000014ec       0x64 C:/Users/ronakrm/Documents/Downloaded/IntegratedSegway-master/SoftConsole/controller_MSS_MSS_CM3_0/controller_MSS_MSS_CM3_0_hw_platform/Debug/CMSIS/startup_gcc/newlib_stubs.o
                0x000014ec                _sbrk
 .text.MSS_UART_polled_tx
                0x00001550       0xac C:\Users\ronakrm\Documents\Downloaded\IntegratedSegway-master\SoftConsole\controller_MSS_MSS_CM3_0\controller_MSS_MSS_CM3_0_hw_platform\Debug\libcontroller_MSS_MSS_CM3_0_hw_platform.a(mss_uart.o)
                0x00001550                MSS_UART_polled_tx
 .text.MSS_UART_get_rx
                0x000015fc       0x9c C:\Users\ronakrm\Documents\Downloaded\IntegratedSegway-master\SoftConsole\controller_MSS_MSS_CM3_0\controller_MSS_MSS_CM3_0_hw_platform\Debug\libcontroller_MSS_MSS_CM3_0_hw_platform.a(mss_uart.o)
                0x000015fc                MSS_UART_get_rx
 .text.MSS_UART_isr
                0x00001698       0x70 C:\Users\ronakrm\Documents\Downloaded\IntegratedSegway-master\SoftConsole\controller_MSS_MSS_CM3_0\controller_MSS_MSS_CM3_0_hw_platform\Debug\libcontroller_MSS_MSS_CM3_0_hw_platform.a(mss_uart.o)
 .text.default_tx_handler
                0x00001708       0xa8 C:\Users\ronakrm\Documents\Downloaded\IntegratedSegway-master\SoftConsole\controller_MSS_MSS_CM3_0\controller_MSS_MSS_CM3_0_hw_platform\Debug\libcontroller_MSS_MSS_CM3_0_hw_platform.a(mss_uart.o)
 .text.MSS_UART_set_rx_handler
                0x000017b0       0xa4 C:\Users\ronakrm\Documents\Downloaded\IntegratedSegway-master\SoftConsole\controller_MSS_MSS_CM3_0\controller_MSS_MSS_CM3_0_hw_platform\Debug\libcontroller_MSS_MSS_CM3_0_hw_platform.a(mss_uart.o)
                0x000017b0                MSS_UART_set_rx_handler
 .text.UART0_IRQHandler
                0x00001854       0x30 C:\Users\ronakrm\Documents\Downloaded\IntegratedSegway-master\SoftConsole\controller_MSS_MSS_CM3_0\controller_MSS_MSS_CM3_0_hw_platform\Debug\libcontroller_MSS_MSS_CM3_0_hw_platform.a(mss_uart.o)
                0x00001854                UART0_IRQHandler
 .text.UART1_IRQHandler
                0x00001884       0x30 C:\Users\ronakrm\Documents\Downloaded\IntegratedSegway-master\SoftConsole\controller_MSS_MSS_CM3_0\controller_MSS_MSS_CM3_0_hw_platform\Debug\libcontroller_MSS_MSS_CM3_0_hw_platform.a(mss_uart.o)
                0x00001884                UART1_IRQHandler
 .text.MSS_UART_set_tx_handler
                0x000018b4       0x88 C:\Users\ronakrm\Documents\Downloaded\IntegratedSegway-master\SoftConsole\controller_MSS_MSS_CM3_0\controller_MSS_MSS_CM3_0_hw_platform\Debug\libcontroller_MSS_MSS_CM3_0_hw_platform.a(mss_uart.o)
                0x000018b4                MSS_UART_set_tx_handler
 .text.MSS_UART_fill_tx_fifo
                0x0000193c       0x94 C:\Users\ronakrm\Documents\Downloaded\IntegratedSegway-master\SoftConsole\controller_MSS_MSS_CM3_0\controller_MSS_MSS_CM3_0_hw_platform\Debug\libcontroller_MSS_MSS_CM3_0_hw_platform.a(mss_uart.o)
                0x0000193c                MSS_UART_fill_tx_fifo
 .text.MSS_UART_init
                0x000019d0      0x150 C:\Users\ronakrm\Documents\Downloaded\IntegratedSegway-master\SoftConsole\controller_MSS_MSS_CM3_0\controller_MSS_MSS_CM3_0_hw_platform\Debug\libcontroller_MSS_MSS_CM3_0_hw_platform.a(mss_uart.o)
                0x000019d0                MSS_UART_init
 .text.MSS_I2C_init
                0x00001b20       0xf8 C:\Users\ronakrm\Documents\Downloaded\IntegratedSegway-master\SoftConsole\controller_MSS_MSS_CM3_0\controller_MSS_MSS_CM3_0_hw_platform\Debug\libcontroller_MSS_MSS_CM3_0_hw_platform.a(mss_i2c.o)
                0x00001b20                MSS_I2C_init
 .text.MSS_I2C_wait_complete
                0x00001c18       0x28 C:\Users\ronakrm\Documents\Downloaded\IntegratedSegway-master\SoftConsole\controller_MSS_MSS_CM3_0\controller_MSS_MSS_CM3_0_hw_platform\Debug\libcontroller_MSS_MSS_CM3_0_hw_platform.a(mss_i2c.o)
                0x00001c18                MSS_I2C_wait_complete
 .text.mss_i2c_isr
                0x00001c40      0x420 C:\Users\ronakrm\Documents\Downloaded\IntegratedSegway-master\SoftConsole\controller_MSS_MSS_CM3_0\controller_MSS_MSS_CM3_0_hw_platform\Debug\libcontroller_MSS_MSS_CM3_0_hw_platform.a(mss_i2c.o)
 .text.I2C0_IRQHandler
                0x00002060       0x30 C:\Users\ronakrm\Documents\Downloaded\IntegratedSegway-master\SoftConsole\controller_MSS_MSS_CM3_0\controller_MSS_MSS_CM3_0_hw_platform\Debug\libcontroller_MSS_MSS_CM3_0_hw_platform.a(mss_i2c.o)
                0x00002060                I2C0_IRQHandler
 .text.I2C1_IRQHandler
                0x00002090       0x30 C:\Users\ronakrm\Documents\Downloaded\IntegratedSegway-master\SoftConsole\controller_MSS_MSS_CM3_0\controller_MSS_MSS_CM3_0_hw_platform\Debug\libcontroller_MSS_MSS_CM3_0_hw_platform.a(mss_i2c.o)
                0x00002090                I2C1_IRQHandler
 .text.disable_interrupts
                0x000020c0        0x8 C:\Users\ronakrm\Documents\Downloaded\IntegratedSegway-master\SoftConsole\controller_MSS_MSS_CM3_0\controller_MSS_MSS_CM3_0_hw_platform\Debug\libcontroller_MSS_MSS_CM3_0_hw_platform.a(mss_i2c.o)
 .text.restore_interrupts
                0x000020c8        0x8 C:\Users\ronakrm\Documents\Downloaded\IntegratedSegway-master\SoftConsole\controller_MSS_MSS_CM3_0\controller_MSS_MSS_CM3_0_hw_platform\Debug\libcontroller_MSS_MSS_CM3_0_hw_platform.a(mss_i2c.o)
 .text.MSS_I2C_read
                0x000020d0       0xbc C:\Users\ronakrm\Documents\Downloaded\IntegratedSegway-master\SoftConsole\controller_MSS_MSS_CM3_0\controller_MSS_MSS_CM3_0_hw_platform\Debug\libcontroller_MSS_MSS_CM3_0_hw_platform.a(mss_i2c.o)
                0x000020d0                MSS_I2C_read
 .text.MSS_I2C_write
                0x0000218c       0xb4 C:\Users\ronakrm\Documents\Downloaded\IntegratedSegway-master\SoftConsole\controller_MSS_MSS_CM3_0\controller_MSS_MSS_CM3_0_hw_platform\Debug\libcontroller_MSS_MSS_CM3_0_hw_platform.a(mss_i2c.o)
                0x0000218c                MSS_I2C_write
 .text.MSS_GPIO_init
                0x00002240       0x60 C:\Users\ronakrm\Documents\Downloaded\IntegratedSegway-master\SoftConsole\controller_MSS_MSS_CM3_0\controller_MSS_MSS_CM3_0_hw_platform\Debug\libcontroller_MSS_MSS_CM3_0_hw_platform.a(mss_gpio.o)
                0x00002240                MSS_GPIO_init
 .text.MSS_GPIO_config
                0x000022a0       0x18 C:\Users\ronakrm\Documents\Downloaded\IntegratedSegway-master\SoftConsole\controller_MSS_MSS_CM3_0\controller_MSS_MSS_CM3_0_hw_platform\Debug\libcontroller_MSS_MSS_CM3_0_hw_platform.a(mss_gpio.o)
                0x000022a0                MSS_GPIO_config
 .text.MSS_GPIO_set_output
                0x000022b8       0x1c C:\Users\ronakrm\Documents\Downloaded\IntegratedSegway-master\SoftConsole\controller_MSS_MSS_CM3_0\controller_MSS_MSS_CM3_0_hw_platform\Debug\libcontroller_MSS_MSS_CM3_0_hw_platform.a(mss_gpio.o)
                0x000022b8                MSS_GPIO_set_output
 .text.__get_PRIMASK
                0x000022d4        0x8 C:\Users\ronakrm\Documents\Downloaded\IntegratedSegway-master\SoftConsole\controller_MSS_MSS_CM3_0\controller_MSS_MSS_CM3_0_hw_platform\Debug\libcontroller_MSS_MSS_CM3_0_hw_platform.a(core_cm3.o)
                0x000022d4                __get_PRIMASK
 .text.__set_PRIMASK
                0x000022dc        0x8 C:\Users\ronakrm\Documents\Downloaded\IntegratedSegway-master\SoftConsole\controller_MSS_MSS_CM3_0\controller_MSS_MSS_CM3_0_hw_platform\Debug\libcontroller_MSS_MSS_CM3_0_hw_platform.a(core_cm3.o)
                0x000022dc                __set_PRIMASK
 .text.SystemInit
                0x000022e4        0x4 C:\Users\ronakrm\Documents\Downloaded\IntegratedSegway-master\SoftConsole\controller_MSS_MSS_CM3_0\controller_MSS_MSS_CM3_0_hw_platform\Debug\libcontroller_MSS_MSS_CM3_0_hw_platform.a(system_a2fxxxm3.o)
                0x000022e4                SystemInit
 .text.SystemCoreClockUpdate
                0x000022e8      0x130 C:\Users\ronakrm\Documents\Downloaded\IntegratedSegway-master\SoftConsole\controller_MSS_MSS_CM3_0\controller_MSS_MSS_CM3_0_hw_platform\Debug\libcontroller_MSS_MSS_CM3_0_hw_platform.a(system_a2fxxxm3.o)
                0x000022e8                SystemCoreClockUpdate
 .text          0x00002418      0x370 c:/actel/libero_v9.1/softconsole/sourcery-g++/bin/../lib/gcc/arm-none-eabi/4.4.1/thumb2\libgcc.a(_arm_addsubdf3.o)
                0x00002418                __aeabi_drsub
                0x00002420                __aeabi_dsub
                0x00002420                __subdf3
                0x00002424                __aeabi_dadd
                0x00002424                __adddf3
                0x0000269c                __floatunsidf
                0x0000269c                __aeabi_ui2d
                0x000026bc                __floatsidf
                0x000026bc                __aeabi_i2d
                0x000026e0                __aeabi_f2d
                0x000026e0                __extendsfdf2
                0x0000271c                __floatundidf
                0x0000271c                __aeabi_ul2d
                0x0000272c                __floatdidf
                0x0000272c                __aeabi_l2d
 .text          0x00002788      0x424 c:/actel/libero_v9.1/softconsole/sourcery-g++/bin/../lib/gcc/arm-none-eabi/4.4.1/thumb2\libgcc.a(_arm_muldivdf3.o)
                0x00002788                __aeabi_dmul
                0x00002788                __muldf3
                0x000029dc                __divdf3
                0x000029dc                __aeabi_ddiv
 .text          0x00002bac       0xa0 c:/actel/libero_v9.1/softconsole/sourcery-g++/bin/../lib/gcc/arm-none-eabi/4.4.1/thumb2\libgcc.a(_arm_truncdfsf2.o)
                0x00002bac                __truncdfsf2
                0x00002bac                __aeabi_d2f
 .text          0x00002c4c      0x21c c:/actel/libero_v9.1/softconsole/sourcery-g++/bin/../lib/gcc/arm-none-eabi/4.4.1/thumb2\libgcc.a(_arm_addsubsf3.o)
                0x00002c4c                __aeabi_frsub
                0x00002c54                __subsf3
                0x00002c54                __aeabi_fsub
                0x00002c58                __aeabi_fadd
                0x00002c58                __addsf3
                0x00002db8                __aeabi_ui2f
                0x00002db8                __floatunsisf
                0x00002dc0                __aeabi_i2f
                0x00002dc0                __floatsisf
                0x00002ddc                __aeabi_ul2f
                0x00002ddc                __floatundisf
                0x00002dec                __aeabi_l2f
                0x00002dec                __floatdisf
 .text          0x00002e68      0x2a0 c:/actel/libero_v9.1/softconsole/sourcery-g++/bin/../lib/gcc/arm-none-eabi/4.4.1/thumb2\libgcc.a(_arm_muldivsf3.o)
                0x00002e68                __mulsf3
                0x00002e68                __aeabi_fmul
                0x00002fd0                __aeabi_fdiv
                0x00002fd0                __divsf3
 .text          0x00003108       0xec c:/actel/libero_v9.1/softconsole/sourcery-g++/bin/../lib/gcc/arm-none-eabi/4.4.1/thumb2\libgcc.a(_arm_cmpsf2.o)
                0x00003108                __gesf2
                0x00003108                __gtsf2
                0x00003110                __lesf2
                0x00003110                __ltsf2
                0x00003118                __nesf2
                0x00003118                __eqsf2
                0x00003118                __cmpsf2
                0x00003178                __aeabi_cfrcmple
                0x00003180                __aeabi_cfcmpeq
                0x00003180                __aeabi_cfcmple
                0x00003190                __aeabi_fcmpeq
                0x000031a4                __aeabi_fcmplt
                0x000031b8                __aeabi_fcmple
                0x000031cc                __aeabi_fcmpge
                0x000031e0                __aeabi_fcmpgt
 .text          0x000031f4       0x4c c:/actel/libero_v9.1/softconsole/sourcery-g++/bin/../lib/gcc/arm-none-eabi/4.4.1/thumb2\libgcc.a(_arm_fixsfsi.o)
                0x000031f4                __aeabi_f2iz
                0x000031f4                __fixsfsi
 .text          0x00003240       0x40 c:/actel/libero_v9.1/softconsole/sourcery-g++/bin/../lib/gcc/arm-none-eabi/4.4.1/thumb2\libgcc.a(_arm_fixunssfsi.o)
                0x00003240                __fixunssfsi
                0x00003240                __aeabi_f2uiz
 .text          0x00003280       0x50 c:/actel/libero_v9.1/softconsole/sourcery-g++/bin/../lib/gcc/arm-none-eabi/4.4.1/../../../../arm-none-eabi/lib/thumb2\libc.a(lib_a-init.o)
                0x00003280                __libc_init_array
 .text          0x000032d0       0x64 c:/actel/libero_v9.1/softconsole/sourcery-g++/bin/../lib/gcc/arm-none-eabi/4.4.1/../../../../arm-none-eabi/lib/thumb2\libc.a(lib_a-printf.o)
                0x000032d0                printf
                0x00003308                _printf_r
 .text          0x00003334     0x1940 c:/actel/libero_v9.1/softconsole/sourcery-g++/bin/../lib/gcc/arm-none-eabi/4.4.1/../../../../arm-none-eabi/lib/thumb2\libc.a(lib_a-vfprintf.o)
                0x00003350                _vfprintf_r
                0x00004c58                vfprintf
 .text          0x00004c74      0x104 c:/actel/libero_v9.1/softconsole/sourcery-g++/bin/../lib/gcc/arm-none-eabi/4.4.1/../../../../arm-none-eabi/lib/thumb2\libc.a(lib_a-wsetup.o)
                0x00004c74                __swsetup_r
 .text          0x00004d78      0xfb8 c:/actel/libero_v9.1/softconsole/sourcery-g++/bin/../lib/gcc/arm-none-eabi/4.4.1/../../../../arm-none-eabi/lib/thumb2\libc.a(lib_a-dtoa.o)
                0x00004e98                _dtoa_r
 .text          0x00005d30      0x178 c:/actel/libero_v9.1/softconsole/sourcery-g++/bin/../lib/gcc/arm-none-eabi/4.4.1/../../../../arm-none-eabi/lib/thumb2\libc.a(lib_a-fflush.o)
                0x00005d30                _fflush_r
                0x00005e80                fflush
 .text          0x00005ea8      0x1c8 c:/actel/libero_v9.1/softconsole/sourcery-g++/bin/../lib/gcc/arm-none-eabi/4.4.1/../../../../arm-none-eabi/lib/thumb2\libc.a(lib_a-findfp.o)
                0x00005ea8                __sfp_lock_acquire
                0x00005eac                __sfp_lock_release
                0x00005eb0                __sinit_lock_acquire
                0x00005eb4                __sinit_lock_release
                0x00005ec0                __fp_unlock_all
                0x00005ed8                __fp_lock_all
                0x00005ef0                _cleanup_r
                0x00005efc                _cleanup
                0x00005f58                __sfmoreglue
                0x00005f88                __sfp
                0x00006010                __sinit
 .text          0x00006070      0x268 c:/actel/libero_v9.1/softconsole/sourcery-g++/bin/../lib/gcc/arm-none-eabi/4.4.1/../../../../arm-none-eabi/lib/thumb2\libc.a(lib_a-freer.o)
                0x00006070                _malloc_trim_r
                0x00006118                _free_r
 .text          0x000062d8      0x334 c:/actel/libero_v9.1/softconsole/sourcery-g++/bin/../lib/gcc/arm-none-eabi/4.4.1/../../../../arm-none-eabi/lib/thumb2\libc.a(lib_a-fvwrite.o)
                0x000062d8                __sfvwrite_r
 .text          0x0000660c       0xa0 c:/actel/libero_v9.1/softconsole/sourcery-g++/bin/../lib/gcc/arm-none-eabi/4.4.1/../../../../arm-none-eabi/lib/thumb2\libc.a(lib_a-fwalk.o)
                0x0000660c                _fwalk_reent
                0x00006660                _fwalk
 .text          0x000066ac       0x74 c:/actel/libero_v9.1/softconsole/sourcery-g++/bin/../lib/gcc/arm-none-eabi/4.4.1/../../../../arm-none-eabi/lib/thumb2\libc.a(lib_a-locale.o)
                0x000066ac                __locale_charset
                0x000066b8                _localeconv_r
                0x000066c0                localeconv
                0x000066c8                _setlocale_r
                0x00006710                setlocale
 .text          0x00006720       0xdc c:/actel/libero_v9.1/softconsole/sourcery-g++/bin/../lib/gcc/arm-none-eabi/4.4.1/../../../../arm-none-eabi/lib/thumb2\libc.a(lib_a-makebuf.o)
                0x00006720                __smakebuf_r
 .text          0x000067fc       0x20 c:/actel/libero_v9.1/softconsole/sourcery-g++/bin/../lib/gcc/arm-none-eabi/4.4.1/../../../../arm-none-eabi/lib/thumb2\libc.a(lib_a-malloc.o)
                0x000067fc                free
                0x0000680c                malloc
 .text          0x0000681c      0x5a4 c:/actel/libero_v9.1/softconsole/sourcery-g++/bin/../lib/gcc/arm-none-eabi/4.4.1/../../../../arm-none-eabi/lib/thumb2\libc.a(lib_a-mallocr.o)
                0x0000681c                _malloc_r
 .text          0x00006dc0       0x74 c:/actel/libero_v9.1/softconsole/sourcery-g++/bin/../lib/gcc/arm-none-eabi/4.4.1/../../../../arm-none-eabi/lib/thumb2\libc.a(lib_a-memchr.o)
                0x00006dc0                memchr
 .text          0x00006e34      0x190 c:/actel/libero_v9.1/softconsole/sourcery-g++/bin/../lib/gcc/arm-none-eabi/4.4.1/../../../../arm-none-eabi/lib/thumb2\libc.a(lib_a-memcpy.o)
                0x00006e34                memcpy
 .text          0x00006fc4       0xb8 c:/actel/libero_v9.1/softconsole/sourcery-g++/bin/../lib/gcc/arm-none-eabi/4.4.1/../../../../arm-none-eabi/lib/thumb2\libc.a(lib_a-memmove.o)
                0x00006fc4                memmove
 .text          0x0000707c       0xd4 c:/actel/libero_v9.1/softconsole/sourcery-g++/bin/../lib/gcc/arm-none-eabi/4.4.1/../../../../arm-none-eabi/lib/thumb2\libc.a(lib_a-memset.o)
                0x0000707c                memset
 .text          0x00007150        0x8 c:/actel/libero_v9.1/softconsole/sourcery-g++/bin/../lib/gcc/arm-none-eabi/4.4.1/../../../../arm-none-eabi/lib/thumb2\libc.a(lib_a-mlock.o)
                0x00007150                __malloc_lock
                0x00007154                __malloc_unlock
 .text          0x00007158      0x958 c:/actel/libero_v9.1/softconsole/sourcery-g++/bin/../lib/gcc/arm-none-eabi/4.4.1/../../../../arm-none-eabi/lib/thumb2\libc.a(lib_a-mprec.o)
                0x00007158                __hi0bits
                0x00007198                __lo0bits
                0x000071fc                __mcmp
                0x0000723c                __ulp
                0x00007288                __b2d
                0x00007330                __ratio
                0x00007390                _mprec_log10
                0x000073c8                __copybits
                0x00007418                __any_on
                0x00007470                _Bfree
                0x000074a8                _Balloc
                0x00007514                __d2b
                0x000075e4                __mdiff
                0x000076dc                __lshift
                0x00007798                __multiply
                0x000078cc                __i2b
                0x000078e0                __multadd
                0x00007968                __pow5mult
                0x00007a14                __s2b
 .text          0x00007ab0      0x3b4 c:/actel/libero_v9.1/softconsole/sourcery-g++/bin/../lib/gcc/arm-none-eabi/4.4.1/../../../../arm-none-eabi/lib/thumb2\libc.a(lib_a-reallocr.o)
                0x00007ab0                _realloc_r
 .text          0x00007e64       0x24 c:/actel/libero_v9.1/softconsole/sourcery-g++/bin/../lib/gcc/arm-none-eabi/4.4.1/../../../../arm-none-eabi/lib/thumb2\libc.a(lib_a-s_isinfd.o)
                0x00007e64                __isinfd
 .text          0x00007e88       0x1c c:/actel/libero_v9.1/softconsole/sourcery-g++/bin/../lib/gcc/arm-none-eabi/4.4.1/../../../../arm-none-eabi/lib/thumb2\libc.a(lib_a-s_isnand.o)
                0x00007e88                __isnand
 .text          0x00007ea4       0x28 c:/actel/libero_v9.1/softconsole/sourcery-g++/bin/../lib/gcc/arm-none-eabi/4.4.1/../../../../arm-none-eabi/lib/thumb2\libc.a(lib_a-sbrkr.o)
                0x00007ea4                _sbrk_r
 .text          0x00007ecc       0x90 c:/actel/libero_v9.1/softconsole/sourcery-g++/bin/../lib/gcc/arm-none-eabi/4.4.1/../../../../arm-none-eabi/lib/thumb2\libc.a(lib_a-stdio.o)
                0x00007ecc                __sclose
                0x00007ed4                __sseek
                0x00007efc                __swrite
                0x00007f38                __sread
 .text          0x00007f5c      0x1dc c:/actel/libero_v9.1/softconsole/sourcery-g++/bin/../lib/gcc/arm-none-eabi/4.4.1/../../../../arm-none-eabi/lib/thumb2\libc.a(lib_a-strcmp.o)
                0x00007f5c                strcmp
 .text          0x00008138       0x60 c:/actel/libero_v9.1/softconsole/sourcery-g++/bin/../lib/gcc/arm-none-eabi/4.4.1/../../../../arm-none-eabi/lib/thumb2\libc.a(lib_a-strlen.o)
                0x00008138                strlen
 .text          0x00008198       0x5c c:/actel/libero_v9.1/softconsole/sourcery-g++/bin/../lib/gcc/arm-none-eabi/4.4.1/../../../../arm-none-eabi/lib/thumb2\libc.a(lib_a-callocr.o)
                0x00008198                _calloc_r
 .text          0x000081f4       0x28 c:/actel/libero_v9.1/softconsole/sourcery-g++/bin/../lib/gcc/arm-none-eabi/4.4.1/../../../../arm-none-eabi/lib/thumb2\libc.a(lib_a-closer.o)
                0x000081f4                _close_r
 .text          0x0000821c       0xcc c:/actel/libero_v9.1/softconsole/sourcery-g++/bin/../lib/gcc/arm-none-eabi/4.4.1/../../../../arm-none-eabi/lib/thumb2\libc.a(lib_a-fclose.o)
                0x0000821c                _fclose_r
                0x000082d8                fclose
 .text          0x000082e8       0x2c c:/actel/libero_v9.1/softconsole/sourcery-g++/bin/../lib/gcc/arm-none-eabi/4.4.1/../../../../arm-none-eabi/lib/thumb2\libc.a(lib_a-fstatr.o)
                0x000082e8                _fstat_r
 .text          0x00008314       0x28 c:/actel/libero_v9.1/softconsole/sourcery-g++/bin/../lib/gcc/arm-none-eabi/4.4.1/../../../../arm-none-eabi/lib/thumb2\libc.a(lib_a-isattyr.o)
                0x00008314                _isatty_r
 .text          0x0000833c       0x2c c:/actel/libero_v9.1/softconsole/sourcery-g++/bin/../lib/gcc/arm-none-eabi/4.4.1/../../../../arm-none-eabi/lib/thumb2\libc.a(lib_a-lseekr.o)
                0x0000833c                _lseek_r
 .text          0x00008368       0x2c c:/actel/libero_v9.1/softconsole/sourcery-g++/bin/../lib/gcc/arm-none-eabi/4.4.1/../../../../arm-none-eabi/lib/thumb2\libc.a(lib_a-readr.o)
                0x00008368                _read_r
 *fill*         0x00008394        0x4 00
 .text          0x00008398      0x278 c:/actel/libero_v9.1/softconsole/sourcery-g++/bin/../lib/gcc/arm-none-eabi/4.4.1/thumb2\libgcc.a(_udivsi3.o)
                0x00008398                __aeabi_uidiv
                0x00008398                __udivsi3
                0x000085f4                __aeabi_uidivmod
 .text          0x00008610        0x4 c:/actel/libero_v9.1/softconsole/sourcery-g++/bin/../lib/gcc/arm-none-eabi/4.4.1/thumb2\libgcc.a(_dvmd_tls.o)
                0x00008610                __aeabi_idiv0
                0x00008610                __aeabi_ldiv0
 .text          0x00008614      0x110 c:/actel/libero_v9.1/softconsole/sourcery-g++/bin/../lib/gcc/arm-none-eabi/4.4.1/thumb2\libgcc.a(_arm_cmpdf2.o)
                0x00008614                __gtdf2
                0x00008614                __gedf2
                0x0000861c                __ltdf2
                0x0000861c                __ledf2
                0x00008624                __nedf2
                0x00008624                __eqdf2
                0x00008624                __cmpdf2
                0x000086a0                __aeabi_cdrcmple
                0x000086b0                __aeabi_cdcmpeq
                0x000086b0                __aeabi_cdcmple
                0x000086c0                __aeabi_dcmpeq
                0x000086d4                __aeabi_dcmplt
                0x000086e8                __aeabi_dcmple
                0x000086fc                __aeabi_dcmpge
                0x00008710                __aeabi_dcmpgt
 .text          0x00008724       0x50 c:/actel/libero_v9.1/softconsole/sourcery-g++/bin/../lib/gcc/arm-none-eabi/4.4.1/thumb2\libgcc.a(_arm_fixdfsi.o)
                0x00008724                __aeabi_d2iz
                0x00008724                __fixdfsi
 .text          0x00008774       0x2c c:/actel/libero_v9.1/softconsole/sourcery-g++/bin/../lib/gcc/arm-none-eabi/4.4.1/thumb2\libgcc.a(_aeabi_uldivmod.o)
                0x00008774                __aeabi_uldivmod
 .text          0x000087a0       0x58 c:/actel/libero_v9.1/softconsole/sourcery-g++/bin/../lib/gcc/arm-none-eabi/4.4.1/thumb2\libgcc.a(bpabi.o)
                0x000087a0                __gnu_uldivmod_helper
                0x000087cc                __gnu_ldivmod_helper
 .text          0x000087f8      0x364 c:/actel/libero_v9.1/softconsole/sourcery-g++/bin/../lib/gcc/arm-none-eabi/4.4.1/thumb2\libgcc.a(_divdi3.o)
                0x000087f8                __divdi3
 .text          0x00008b5c      0x300 c:/actel/libero_v9.1/softconsole/sourcery-g++/bin/../lib/gcc/arm-none-eabi/4.4.1/thumb2\libgcc.a(_udivdi3.o)
                0x00008b5c                __udivdi3
 *(.plt)
 *(.gnu.warning)
 *(.glue_7t)
 .glue_7t       0x00000000        0x0 linker stubs
 *(.glue_7)
 .glue_7        0x00000000        0x0 linker stubs
 *(.vfp11_veneer)
 .vfp11_veneer  0x00000000        0x0 linker stubs
                0x00008e5c                . = ALIGN (0x4)
 *crtbegin.o(.ctors)
 *(EXCLUDE_FILE(*crtend.o) .ctors)
 *(SORT(.ctors.*))
 *crtend.o(.ctors)
 *crtbegin.o(.dtors)
 *(EXCLUDE_FILE(*crtend.o) .dtors)
 *(SORT(.dtors.*))
 *crtend.o(.dtors)
 *(.rodata .rodata.* .gnu.linkonce.r.*)
 .rodata        0x00008e5c       0xb4 ./controller.o
 .rodata        0x00008f10       0x14 ./main.o
 .rodata.str1.4
                0x00008f24       0x1a C:/Users/ronakrm/Documents/Downloaded/IntegratedSegway-master/SoftConsole/controller_MSS_MSS_CM3_0/controller_MSS_MSS_CM3_0_hw_platform/Debug/CMSIS/startup_gcc/newlib_stubs.o
                                 0x1c (size before relaxing)
 *fill*         0x00008f3e        0x2 00
 .rodata.g_gpio_irqn_lut
                0x00008f40       0x40 C:\Users\ronakrm\Documents\Downloaded\IntegratedSegway-master\SoftConsole\controller_MSS_MSS_CM3_0\controller_MSS_MSS_CM3_0_hw_platform\Debug\libcontroller_MSS_MSS_CM3_0_hw_platform.a(mss_gpio.o)
 .rodata.g_config_reg_lut
                0x00008f80       0x80 C:\Users\ronakrm\Documents\Downloaded\IntegratedSegway-master\SoftConsole\controller_MSS_MSS_CM3_0\controller_MSS_MSS_CM3_0_hw_platform\Debug\libcontroller_MSS_MSS_CM3_0_hw_platform.a(mss_gpio.o)
 .rodata.C.16.2565
                0x00009000       0x10 C:\Users\ronakrm\Documents\Downloaded\IntegratedSegway-master\SoftConsole\controller_MSS_MSS_CM3_0\controller_MSS_MSS_CM3_0_hw_platform\Debug\libcontroller_MSS_MSS_CM3_0_hw_platform.a(system_a2fxxxm3.o)
 .rodata        0x00009010        0x4 c:/actel/libero_v9.1/softconsole/sourcery-g++/bin/../lib/gcc/arm-none-eabi/4.4.1/../../../../arm-none-eabi/lib/thumb2\libc.a(lib_a-impure.o)
                0x00009010                _global_impure_ptr
 .rodata.str1.4
                0x00009014        0x2 c:/actel/libero_v9.1/softconsole/sourcery-g++/bin/../lib/gcc/arm-none-eabi/4.4.1/../../../../arm-none-eabi/lib/thumb2\libc.a(lib_a-impure.o)
                                  0x4 (size before relaxing)
 *fill*         0x00009016        0x2 00
 .rodata        0x00009018       0x20 c:/actel/libero_v9.1/softconsole/sourcery-g++/bin/../lib/gcc/arm-none-eabi/4.4.1/../../../../arm-none-eabi/lib/thumb2\libc.a(lib_a-vfprintf.o)
 .rodata.str1.4
                0x00009038       0x42 c:/actel/libero_v9.1/softconsole/sourcery-g++/bin/../lib/gcc/arm-none-eabi/4.4.1/../../../../arm-none-eabi/lib/thumb2\libc.a(lib_a-vfprintf.o)
                                 0x44 (size before relaxing)
 *fill*         0x0000907a        0x2 00
 .rodata.str1.4
                0x0000907c       0x10 c:/actel/libero_v9.1/softconsole/sourcery-g++/bin/../lib/gcc/arm-none-eabi/4.4.1/../../../../arm-none-eabi/lib/thumb2\libc.a(lib_a-dtoa.o)
                                 0x14 (size before relaxing)
 .rodata        0x0000908c       0x60 c:/actel/libero_v9.1/softconsole/sourcery-g++/bin/../lib/gcc/arm-none-eabi/4.4.1/../../../../arm-none-eabi/lib/thumb2\libc.a(lib_a-findfp.o)
                0x0000908c                __sf_fake_stdin
                0x000090ac                __sf_fake_stdout
                0x000090cc                __sf_fake_stderr
 .rodata        0x000090ec       0x34 c:/actel/libero_v9.1/softconsole/sourcery-g++/bin/../lib/gcc/arm-none-eabi/4.4.1/../../../../arm-none-eabi/lib/thumb2\libc.a(lib_a-locale.o)
 .rodata.str1.4
                0x00009120       0x10 c:/actel/libero_v9.1/softconsole/sourcery-g++/bin/../lib/gcc/arm-none-eabi/4.4.1/../../../../arm-none-eabi/lib/thumb2\libc.a(lib_a-locale.o)
                                 0x18 (size before relaxing)
 .rodata        0x00009130      0x128 c:/actel/libero_v9.1/softconsole/sourcery-g++/bin/../lib/gcc/arm-none-eabi/4.4.1/../../../../arm-none-eabi/lib/thumb2\libc.a(lib_a-mprec.o)
                0x00009130                __mprec_tens
                0x00009208                __mprec_bigtens
                0x00009230                __mprec_tinytens
 *(.ARM.extab* .gnu.linkonce.armextab.*)
 *(.gcc_except_table)
 *(.eh_frame_hdr)
 *(.eh_frame)
 *(.init)
 .init          0x00009258        0x4 c:/actel/libero_v9.1/softconsole/sourcery-g++/bin/../lib/gcc/arm-none-eabi/4.4.1/thumb2/crti.o
                0x00009258                _init
 .init          0x0000925c        0x8 c:/actel/libero_v9.1/softconsole/sourcery-g++/bin/../lib/gcc/arm-none-eabi/4.4.1/thumb2/crtn.o
 *(.fini)
 .fini          0x00009264        0x4 c:/actel/libero_v9.1/softconsole/sourcery-g++/bin/../lib/gcc/arm-none-eabi/4.4.1/thumb2/crti.o
                0x00009264                _fini
 .fini          0x00009268        0x8 c:/actel/libero_v9.1/softconsole/sourcery-g++/bin/../lib/gcc/arm-none-eabi/4.4.1/thumb2/crtn.o
                0x00009270                PROVIDE (__preinit_array_start, .)
 *(.preinit_array)
                0x00009270                PROVIDE (__preinit_array_end, .)
                0x00009270                PROVIDE (__init_array_start, .)
 *(SORT(.init_array.*))
 *(.init_array)
 .init_array    0x00009270        0x4 c:/actel/libero_v9.1/softconsole/sourcery-g++/bin/../lib/gcc/arm-none-eabi/4.4.1/thumb2/crtbegin.o
                0x00009274                PROVIDE (__init_array_end, .)
                0x00009274                PROVIDE (__fini_array_start, .)
 *(.fini_array)
 .fini_array    0x00009274        0x4 c:/actel/libero_v9.1/softconsole/sourcery-g++/bin/../lib/gcc/arm-none-eabi/4.4.1/thumb2/crtbegin.o
 *(SORT(.fini_array.*))
                0x00009278                PROVIDE (__fini_array_end, .)
                0x00009278                __exidx_start = .

.v4_bx          0x00009278        0x0 load address 0x60009278
 .v4_bx         0x00000000        0x0 linker stubs

.ARM.exidx      0x20000000        0x8 load address 0x60009278
 *(.ARM.exidx* .gnu.linkonce.armexidx.*)
 .ARM.exidx     0x20000000        0x8 c:/actel/libero_v9.1/softconsole/sourcery-g++/bin/../lib/gcc/arm-none-eabi/4.4.1/thumb2\libgcc.a(_divdi3.o)
 .ARM.exidx     0x20000008        0x0 c:/actel/libero_v9.1/softconsole/sourcery-g++/bin/../lib/gcc/arm-none-eabi/4.4.1/thumb2\libgcc.a(_udivdi3.o)
                                  0x8 (size before relaxing)
                0x20000008                __exidx_end = .
                0x20000008                _etext = .

.data           0x20000008      0x530 load address 0x60009280
                0x60009280                __data_load = LOADADDR (.data)
                0x60009280                _sidata = LOADADDR (.data)
                0x20000008                __data_start = .
                0x20000008                _sdata = .
 *(.jcr)
 .jcr           0x20000008        0x0 c:/actel/libero_v9.1/softconsole/sourcery-g++/bin/../lib/gcc/arm-none-eabi/4.4.1/thumb2/crtbegin.o
 .jcr           0x20000008        0x4 c:/actel/libero_v9.1/softconsole/sourcery-g++/bin/../lib/gcc/arm-none-eabi/4.4.1/thumb2/crtend.o
 *(.got.plt)
 *(.got)
 *(.shdata)
 *(.data .data.* .gnu.linkonce.d.*)
 .data.KP       0x2000000c        0x4 ./main.o
                0x2000000c                KP
 .data.KI       0x20000010        0x4 ./main.o
                0x20000010                KI
 .data.KD       0x20000014        0x4 ./main.o
                0x20000014                KD
 .data.MOTOR_ENABLE
                0x20000018        0x1 ./main.o
                0x20000018                MOTOR_ENABLE
 .data.BALANCE_TOGGLE
                0x20000019        0x1 ./main.o
                0x20000019                BALANCE_TOGGLE
 *fill*         0x2000001a        0x2 00
 .data.g_FrequencyACE
                0x2000001c        0x4 C:\Users\ronakrm\Documents\Downloaded\IntegratedSegway-master\SoftConsole\controller_MSS_MSS_CM3_0\controller_MSS_MSS_CM3_0_hw_platform\Debug\libcontroller_MSS_MSS_CM3_0_hw_platform.a(system_a2fxxxm3.o)
                0x2000001c                g_FrequencyACE
 .data.g_FrequencyFPGA
                0x20000020        0x4 C:\Users\ronakrm\Documents\Downloaded\IntegratedSegway-master\SoftConsole\controller_MSS_MSS_CM3_0\controller_MSS_MSS_CM3_0_hw_platform\Debug\libcontroller_MSS_MSS_CM3_0_hw_platform.a(system_a2fxxxm3.o)
                0x20000020                g_FrequencyFPGA
 .data.g_FrequencyPCLK0
                0x20000024        0x4 C:\Users\ronakrm\Documents\Downloaded\IntegratedSegway-master\SoftConsole\controller_MSS_MSS_CM3_0\controller_MSS_MSS_CM3_0_hw_platform\Debug\libcontroller_MSS_MSS_CM3_0_hw_platform.a(system_a2fxxxm3.o)
                0x20000024                g_FrequencyPCLK0
 .data.g_FrequencyPCLK1
                0x20000028        0x4 C:\Users\ronakrm\Documents\Downloaded\IntegratedSegway-master\SoftConsole\controller_MSS_MSS_CM3_0\controller_MSS_MSS_CM3_0_hw_platform\Debug\libcontroller_MSS_MSS_CM3_0_hw_platform.a(system_a2fxxxm3.o)
                0x20000028                g_FrequencyPCLK1
 .data.SystemCoreClock
                0x2000002c        0x4 C:\Users\ronakrm\Documents\Downloaded\IntegratedSegway-master\SoftConsole\controller_MSS_MSS_CM3_0\controller_MSS_MSS_CM3_0_hw_platform\Debug\libcontroller_MSS_MSS_CM3_0_hw_platform.a(system_a2fxxxm3.o)
                0x2000002c                SystemCoreClock
 .data.SystemFrequency
                0x20000030        0x4 C:\Users\ronakrm\Documents\Downloaded\IntegratedSegway-master\SoftConsole\controller_MSS_MSS_CM3_0\controller_MSS_MSS_CM3_0_hw_platform\Debug\libcontroller_MSS_MSS_CM3_0_hw_platform.a(system_a2fxxxm3.o)
                0x20000030                SystemFrequency
 .data          0x20000034       0xf4 c:/actel/libero_v9.1/softconsole/sourcery-g++/bin/../lib/gcc/arm-none-eabi/4.4.1/../../../../arm-none-eabi/lib/thumb2\libc.a(lib_a-impure.o)
                0x20000034                _impure_ptr
 .data          0x20000128      0x410 c:/actel/libero_v9.1/softconsole/sourcery-g++/bin/../lib/gcc/arm-none-eabi/4.4.1/../../../../arm-none-eabi/lib/thumb2\libc.a(lib_a-mallocr.o)
                0x20000128                __malloc_av_
                0x20000530                __malloc_sbrk_base
                0x20000534                __malloc_trim_threshold
                0x20000538                . = ALIGN (0x4)
                0x20000538                _edata = .

.bss            0x20000538      0x158 load address 0x600097b0
                0x20000538                __bss_start__ = .
                0x20000538                _sbss = .
 *(.shbss)
 *(.bss .bss.* .gnu.linkonce.b.*)
 .bss           0x20000538        0x1 c:/actel/libero_v9.1/softconsole/sourcery-g++/bin/../lib/gcc/arm-none-eabi/4.4.1/thumb2/crtbegin.o
 *fill*         0x20000539        0x3 00
 .bss.ANGLE     0x2000053c        0x4 ./main.o
                0x2000053c                ANGLE
 .bss.SPEED     0x20000540        0x4 ./main.o
                0x20000540                SPEED
 .bss.RIGHTSPEED
                0x20000544        0x4 ./main.o
                0x20000544                RIGHTSPEED
 .bss.LEFTSPEED
                0x20000548        0x4 ./main.o
                0x20000548                LEFTSPEED
 .bss.g_stdio_uart_init_done
                0x2000054c        0x4 C:/Users/ronakrm/Documents/Downloaded/IntegratedSegway-master/SoftConsole/controller_MSS_MSS_CM3_0/controller_MSS_MSS_CM3_0_hw_platform/Debug/CMSIS/startup_gcc/newlib_stubs.o
 .bss.heap_end.3583
                0x20000550        0x4 C:/Users/ronakrm/Documents/Downloaded/IntegratedSegway-master/SoftConsole/controller_MSS_MSS_CM3_0/controller_MSS_MSS_CM3_0_hw_platform/Debug/CMSIS/startup_gcc/newlib_stubs.o
 .bss           0x20000554       0x34 c:/actel/libero_v9.1/softconsole/sourcery-g++/bin/../lib/gcc/arm-none-eabi/4.4.1/../../../../arm-none-eabi/lib/thumb2\libc.a(lib_a-mallocr.o)
                0x20000554                __malloc_top_pad
                0x20000558                __malloc_current_mallinfo
                0x20000580                __malloc_max_sbrked_mem
                0x20000584                __malloc_max_total_mem
 *(COMMON)
 COMMON         0x20000588        0xc ./imu.o
                0x20000588                Y_ACCL_OFFSET
                0x2000058c                X_ACCL_OFFSET
                0x20000590                X_GYRO_OFFSET
 COMMON         0x20000594       0x1e ./main.o
                0x20000594                g_rx_buff
                0x20000598                Y_ACCL
                0x2000059c                g_buttons
                0x200005a0                g_kd
                0x200005a4                g_angle
                0x200005a8                g_kp
                0x200005ac                g_ki
                0x200005b0                X_GYRO
 *fill*         0x200005b2        0x2 00
 COMMON         0x200005b4       0x50 C:\Users\ronakrm\Documents\Downloaded\IntegratedSegway-master\SoftConsole\controller_MSS_MSS_CM3_0\controller_MSS_MSS_CM3_0_hw_platform\Debug\libcontroller_MSS_MSS_CM3_0_hw_platform.a(mss_uart.o)
                0x200005b4                g_mss_uart1
                0x200005dc                g_mss_uart0
 COMMON         0x20000604       0x88 C:\Users\ronakrm\Documents\Downloaded\IntegratedSegway-master\SoftConsole\controller_MSS_MSS_CM3_0\controller_MSS_MSS_CM3_0_hw_platform\Debug\libcontroller_MSS_MSS_CM3_0_hw_platform.a(mss_i2c.o)
                0x20000604                g_mss_i2c0
                0x20000648                g_mss_i2c1
 COMMON         0x2000068c        0x4 c:/actel/libero_v9.1/softconsole/sourcery-g++/bin/../lib/gcc/arm-none-eabi/4.4.1/../../../../arm-none-eabi/lib/thumb2\libc.a(lib_a-reent.o)
                0x2000068c                errno
                0x20000690                . = ALIGN (0x8)
                0x20000690                __bss_end__ = .
                0x20000690                _end = .
                0x20000690                __end = _end
                0x20000690                _ebss = .
                0x20000690                PROVIDE (end, .)

.stab
 *(.stab)

.stabstr
 *(.stabstr)

.debug
 *(.debug)

.line
 *(.line)

.debug_srcinfo
 *(.debug_srcinfo)

.debug_sfnames
 *(.debug_sfnames)

.comment        0x00000000      0x183
 .comment       0x00000000       0x2b ./controller.o
 .comment       0x0000002b       0x2b ./imu.o
 .comment       0x00000056       0x2b ./main.o
 .comment       0x00000081       0x2b C:/Users/ronakrm/Documents/Downloaded/IntegratedSegway-master/SoftConsole/controller_MSS_MSS_CM3_0/controller_MSS_MSS_CM3_0_hw_platform/Debug/CMSIS/startup_gcc/newlib_stubs.o
 .comment       0x000000ac       0x2b C:\Users\ronakrm\Documents\Downloaded\IntegratedSegway-master\SoftConsole\controller_MSS_MSS_CM3_0\controller_MSS_MSS_CM3_0_hw_platform\Debug\libcontroller_MSS_MSS_CM3_0_hw_platform.a(mss_uart.o)
 .comment       0x000000d7       0x2b C:\Users\ronakrm\Documents\Downloaded\IntegratedSegway-master\SoftConsole\controller_MSS_MSS_CM3_0\controller_MSS_MSS_CM3_0_hw_platform\Debug\libcontroller_MSS_MSS_CM3_0_hw_platform.a(mss_i2c.o)
 .comment       0x00000102       0x2b C:\Users\ronakrm\Documents\Downloaded\IntegratedSegway-master\SoftConsole\controller_MSS_MSS_CM3_0\controller_MSS_MSS_CM3_0_hw_platform\Debug\libcontroller_MSS_MSS_CM3_0_hw_platform.a(mss_gpio.o)
 .comment       0x0000012d       0x2b C:\Users\ronakrm\Documents\Downloaded\IntegratedSegway-master\SoftConsole\controller_MSS_MSS_CM3_0\controller_MSS_MSS_CM3_0_hw_platform\Debug\libcontroller_MSS_MSS_CM3_0_hw_platform.a(core_cm3.o)
 .comment       0x00000158       0x2b C:\Users\ronakrm\Documents\Downloaded\IntegratedSegway-master\SoftConsole\controller_MSS_MSS_CM3_0\controller_MSS_MSS_CM3_0_hw_platform\Debug\libcontroller_MSS_MSS_CM3_0_hw_platform.a(system_a2fxxxm3.o)

.debug_aranges  0x00000000      0x4c0
 *(.debug_aranges)
 .debug_aranges
                0x00000000       0x90 ./controller.o
 .debug_aranges
                0x00000090       0x60 ./imu.o
 .debug_aranges
                0x000000f0       0x90 ./main.o
 .debug_aranges
                0x00000180       0xa8 C:/Users/ronakrm/Documents/Downloaded/IntegratedSegway-master/SoftConsole/controller_MSS_MSS_CM3_0/controller_MSS_MSS_CM3_0_hw_platform/Debug/CMSIS/startup_gcc/newlib_stubs.o
 .debug_aranges
                0x00000228       0xc0 C:\Users\ronakrm\Documents\Downloaded\IntegratedSegway-master\SoftConsole\controller_MSS_MSS_CM3_0\controller_MSS_MSS_CM3_0_hw_platform\Debug\libcontroller_MSS_MSS_CM3_0_hw_platform.a(mss_uart.o)
 .debug_aranges
                0x000002e8       0x98 C:\Users\ronakrm\Documents\Downloaded\IntegratedSegway-master\SoftConsole\controller_MSS_MSS_CM3_0\controller_MSS_MSS_CM3_0_hw_platform\Debug\libcontroller_MSS_MSS_CM3_0_hw_platform.a(mss_i2c.o)
 .debug_aranges
                0x00000380       0x50 C:\Users\ronakrm\Documents\Downloaded\IntegratedSegway-master\SoftConsole\controller_MSS_MSS_CM3_0\controller_MSS_MSS_CM3_0_hw_platform\Debug\libcontroller_MSS_MSS_CM3_0_hw_platform.a(mss_gpio.o)
 .debug_aranges
                0x000003d0       0xc8 C:\Users\ronakrm\Documents\Downloaded\IntegratedSegway-master\SoftConsole\controller_MSS_MSS_CM3_0\controller_MSS_MSS_CM3_0_hw_platform\Debug\libcontroller_MSS_MSS_CM3_0_hw_platform.a(core_cm3.o)
 .debug_aranges
                0x00000498       0x28 C:\Users\ronakrm\Documents\Downloaded\IntegratedSegway-master\SoftConsole\controller_MSS_MSS_CM3_0\controller_MSS_MSS_CM3_0_hw_platform\Debug\libcontroller_MSS_MSS_CM3_0_hw_platform.a(system_a2fxxxm3.o)

.debug_pubnames
                0x00000000      0xa4f
 *(.debug_pubnames)
 .debug_pubnames
                0x00000000       0xba ./controller.o
 .debug_pubnames
                0x000000ba       0xca ./imu.o
 .debug_pubnames
                0x00000184      0x18b ./main.o
 .debug_pubnames
                0x0000030f       0xeb C:/Users/ronakrm/Documents/Downloaded/IntegratedSegway-master/SoftConsole/controller_MSS_MSS_CM3_0/controller_MSS_MSS_CM3_0_hw_platform/Debug/CMSIS/startup_gcc/newlib_stubs.o
 .debug_pubnames
                0x000003fa      0x21c C:\Users\ronakrm\Documents\Downloaded\IntegratedSegway-master\SoftConsole\controller_MSS_MSS_CM3_0\controller_MSS_MSS_CM3_0_hw_platform\Debug\libcontroller_MSS_MSS_CM3_0_hw_platform.a(mss_uart.o)
 .debug_pubnames
                0x00000616      0x17b C:\Users\ronakrm\Documents\Downloaded\IntegratedSegway-master\SoftConsole\controller_MSS_MSS_CM3_0\controller_MSS_MSS_CM3_0_hw_platform\Debug\libcontroller_MSS_MSS_CM3_0_hw_platform.a(mss_i2c.o)
 .debug_pubnames
                0x00000791       0xb1 C:\Users\ronakrm\Documents\Downloaded\IntegratedSegway-master\SoftConsole\controller_MSS_MSS_CM3_0\controller_MSS_MSS_CM3_0_hw_platform\Debug\libcontroller_MSS_MSS_CM3_0_hw_platform.a(mss_gpio.o)
 .debug_pubnames
                0x00000842      0x159 C:\Users\ronakrm\Documents\Downloaded\IntegratedSegway-master\SoftConsole\controller_MSS_MSS_CM3_0\controller_MSS_MSS_CM3_0_hw_platform\Debug\libcontroller_MSS_MSS_CM3_0_hw_platform.a(core_cm3.o)
 .debug_pubnames
                0x0000099b       0xb4 C:\Users\ronakrm\Documents\Downloaded\IntegratedSegway-master\SoftConsole\controller_MSS_MSS_CM3_0\controller_MSS_MSS_CM3_0_hw_platform\Debug\libcontroller_MSS_MSS_CM3_0_hw_platform.a(system_a2fxxxm3.o)

.debug_info     0x00000000     0x82cc
 *(.debug_info .gnu.linkonce.wi.*)
 .debug_info    0x00000000      0x337 ./controller.o
 .debug_info    0x00000337      0xb1a ./imu.o
 .debug_info    0x00000e51     0x1d09 ./main.o
 .debug_info    0x00002b5a     0x10eb C:/Users/ronakrm/Documents/Downloaded/IntegratedSegway-master/SoftConsole/controller_MSS_MSS_CM3_0/controller_MSS_MSS_CM3_0_hw_platform/Debug/CMSIS/startup_gcc/newlib_stubs.o
 .debug_info    0x00003c45     0x1740 C:\Users\ronakrm\Documents\Downloaded\IntegratedSegway-master\SoftConsole\controller_MSS_MSS_CM3_0\controller_MSS_MSS_CM3_0_hw_platform\Debug\libcontroller_MSS_MSS_CM3_0_hw_platform.a(mss_uart.o)
 .debug_info    0x00005385     0x1379 C:\Users\ronakrm\Documents\Downloaded\IntegratedSegway-master\SoftConsole\controller_MSS_MSS_CM3_0\controller_MSS_MSS_CM3_0_hw_platform\Debug\libcontroller_MSS_MSS_CM3_0_hw_platform.a(mss_i2c.o)
 .debug_info    0x000066fe     0x1124 C:\Users\ronakrm\Documents\Downloaded\IntegratedSegway-master\SoftConsole\controller_MSS_MSS_CM3_0\controller_MSS_MSS_CM3_0_hw_platform\Debug\libcontroller_MSS_MSS_CM3_0_hw_platform.a(mss_gpio.o)
 .debug_info    0x00007822      0x535 C:\Users\ronakrm\Documents\Downloaded\IntegratedSegway-master\SoftConsole\controller_MSS_MSS_CM3_0\controller_MSS_MSS_CM3_0_hw_platform\Debug\libcontroller_MSS_MSS_CM3_0_hw_platform.a(core_cm3.o)
 .debug_info    0x00007d57      0x575 C:\Users\ronakrm\Documents\Downloaded\IntegratedSegway-master\SoftConsole\controller_MSS_MSS_CM3_0\controller_MSS_MSS_CM3_0_hw_platform\Debug\libcontroller_MSS_MSS_CM3_0_hw_platform.a(system_a2fxxxm3.o)

.debug_abbrev   0x00000000     0x110c
 *(.debug_abbrev)
 .debug_abbrev  0x00000000       0x9b ./controller.o
 .debug_abbrev  0x0000009b      0x194 ./imu.o
 .debug_abbrev  0x0000022f      0x2a7 ./main.o
 .debug_abbrev  0x000004d6      0x251 C:/Users/ronakrm/Documents/Downloaded/IntegratedSegway-master/SoftConsole/controller_MSS_MSS_CM3_0/controller_MSS_MSS_CM3_0_hw_platform/Debug/CMSIS/startup_gcc/newlib_stubs.o
 .debug_abbrev  0x00000727      0x306 C:\Users\ronakrm\Documents\Downloaded\IntegratedSegway-master\SoftConsole\controller_MSS_MSS_CM3_0\controller_MSS_MSS_CM3_0_hw_platform\Debug\libcontroller_MSS_MSS_CM3_0_hw_platform.a(mss_uart.o)
 .debug_abbrev  0x00000a2d      0x2d5 C:\Users\ronakrm\Documents\Downloaded\IntegratedSegway-master\SoftConsole\controller_MSS_MSS_CM3_0\controller_MSS_MSS_CM3_0_hw_platform\Debug\libcontroller_MSS_MSS_CM3_0_hw_platform.a(mss_i2c.o)
 .debug_abbrev  0x00000d02      0x1f1 C:\Users\ronakrm\Documents\Downloaded\IntegratedSegway-master\SoftConsole\controller_MSS_MSS_CM3_0\controller_MSS_MSS_CM3_0_hw_platform\Debug\libcontroller_MSS_MSS_CM3_0_hw_platform.a(mss_gpio.o)
 .debug_abbrev  0x00000ef3       0xc5 C:\Users\ronakrm\Documents\Downloaded\IntegratedSegway-master\SoftConsole\controller_MSS_MSS_CM3_0\controller_MSS_MSS_CM3_0_hw_platform\Debug\libcontroller_MSS_MSS_CM3_0_hw_platform.a(core_cm3.o)
 .debug_abbrev  0x00000fb8      0x154 C:\Users\ronakrm\Documents\Downloaded\IntegratedSegway-master\SoftConsole\controller_MSS_MSS_CM3_0\controller_MSS_MSS_CM3_0_hw_platform\Debug\libcontroller_MSS_MSS_CM3_0_hw_platform.a(system_a2fxxxm3.o)

.debug_line     0x00000000     0x29b2
 *(.debug_line)
 .debug_line    0x00000000      0x543 ./controller.o
 .debug_line    0x00000543      0x2de ./imu.o
 .debug_line    0x00000821      0xa1b ./main.o
 .debug_line    0x0000123c      0x503 C:/Users/ronakrm/Documents/Downloaded/IntegratedSegway-master/SoftConsole/controller_MSS_MSS_CM3_0/controller_MSS_MSS_CM3_0_hw_platform/Debug/CMSIS/startup_gcc/newlib_stubs.o
 .debug_line    0x0000173f      0x5d5 C:\Users\ronakrm\Documents\Downloaded\IntegratedSegway-master\SoftConsole\controller_MSS_MSS_CM3_0\controller_MSS_MSS_CM3_0_hw_platform\Debug\libcontroller_MSS_MSS_CM3_0_hw_platform.a(mss_uart.o)
 .debug_line    0x00001d14      0x4d5 C:\Users\ronakrm\Documents\Downloaded\IntegratedSegway-master\SoftConsole\controller_MSS_MSS_CM3_0\controller_MSS_MSS_CM3_0_hw_platform\Debug\libcontroller_MSS_MSS_CM3_0_hw_platform.a(mss_i2c.o)
 .debug_line    0x000021e9      0x315 C:\Users\ronakrm\Documents\Downloaded\IntegratedSegway-master\SoftConsole\controller_MSS_MSS_CM3_0\controller_MSS_MSS_CM3_0_hw_platform\Debug\libcontroller_MSS_MSS_CM3_0_hw_platform.a(mss_gpio.o)
 .debug_line    0x000024fe      0x247 C:\Users\ronakrm\Documents\Downloaded\IntegratedSegway-master\SoftConsole\controller_MSS_MSS_CM3_0\controller_MSS_MSS_CM3_0_hw_platform\Debug\libcontroller_MSS_MSS_CM3_0_hw_platform.a(core_cm3.o)
 .debug_line    0x00002745      0x26d C:\Users\ronakrm\Documents\Downloaded\IntegratedSegway-master\SoftConsole\controller_MSS_MSS_CM3_0\controller_MSS_MSS_CM3_0_hw_platform\Debug\libcontroller_MSS_MSS_CM3_0_hw_platform.a(system_a2fxxxm3.o)

.debug_frame    0x00000000     0x17fc
 *(.debug_frame)
 .debug_frame   0x00000000      0x1b8 ./controller.o
 .debug_frame   0x000001b8      0x12c ./imu.o
 .debug_frame   0x000002e4      0x1d4 ./main.o
 .debug_frame   0x000004b8      0x174 C:/Users/ronakrm/Documents/Downloaded/IntegratedSegway-master/SoftConsole/controller_MSS_MSS_CM3_0/controller_MSS_MSS_CM3_0_hw_platform/Debug/CMSIS/startup_gcc/newlib_stubs.o
 .debug_frame   0x0000062c      0x1f0 C:\Users\ronakrm\Documents\Downloaded\IntegratedSegway-master\SoftConsole\controller_MSS_MSS_CM3_0\controller_MSS_MSS_CM3_0_hw_platform\Debug\libcontroller_MSS_MSS_CM3_0_hw_platform.a(mss_uart.o)
 .debug_frame   0x0000081c      0x1a4 C:\Users\ronakrm\Documents\Downloaded\IntegratedSegway-master\SoftConsole\controller_MSS_MSS_CM3_0\controller_MSS_MSS_CM3_0_hw_platform\Debug\libcontroller_MSS_MSS_CM3_0_hw_platform.a(mss_i2c.o)
 .debug_frame   0x000009c0       0x88 C:\Users\ronakrm\Documents\Downloaded\IntegratedSegway-master\SoftConsole\controller_MSS_MSS_CM3_0\controller_MSS_MSS_CM3_0_hw_platform\Debug\libcontroller_MSS_MSS_CM3_0_hw_platform.a(mss_gpio.o)
 .debug_frame   0x00000a48      0x170 C:\Users\ronakrm\Documents\Downloaded\IntegratedSegway-master\SoftConsole\controller_MSS_MSS_CM3_0\controller_MSS_MSS_CM3_0_hw_platform\Debug\libcontroller_MSS_MSS_CM3_0_hw_platform.a(core_cm3.o)
 .debug_frame   0x00000bb8       0x3c C:\Users\ronakrm\Documents\Downloaded\IntegratedSegway-master\SoftConsole\controller_MSS_MSS_CM3_0\controller_MSS_MSS_CM3_0_hw_platform\Debug\libcontroller_MSS_MSS_CM3_0_hw_platform.a(system_a2fxxxm3.o)
 .debug_frame   0x00000bf4       0x20 c:/actel/libero_v9.1/softconsole/sourcery-g++/bin/../lib/gcc/arm-none-eabi/4.4.1/../../../../arm-none-eabi/lib/thumb2\libc.a(lib_a-errno.o)
 .debug_frame   0x00000c14       0x2c c:/actel/libero_v9.1/softconsole/sourcery-g++/bin/../lib/gcc/arm-none-eabi/4.4.1/../../../../arm-none-eabi/lib/thumb2\libc.a(lib_a-init.o)
 .debug_frame   0x00000c40       0x5c c:/actel/libero_v9.1/softconsole/sourcery-g++/bin/../lib/gcc/arm-none-eabi/4.4.1/../../../../arm-none-eabi/lib/thumb2\libc.a(lib_a-printf.o)
 .debug_frame   0x00000c9c       0x70 c:/actel/libero_v9.1/softconsole/sourcery-g++/bin/../lib/gcc/arm-none-eabi/4.4.1/../../../../arm-none-eabi/lib/thumb2\libc.a(lib_a-vfprintf.o)
 .debug_frame   0x00000d0c       0x2c c:/actel/libero_v9.1/softconsole/sourcery-g++/bin/../lib/gcc/arm-none-eabi/4.4.1/../../../../arm-none-eabi/lib/thumb2\libc.a(lib_a-wsetup.o)
 .debug_frame   0x00000d38       0x64 c:/actel/libero_v9.1/softconsole/sourcery-g++/bin/../lib/gcc/arm-none-eabi/4.4.1/../../../../arm-none-eabi/lib/thumb2\libc.a(lib_a-dtoa.o)
 .debug_frame   0x00000d9c       0x40 c:/actel/libero_v9.1/softconsole/sourcery-g++/bin/../lib/gcc/arm-none-eabi/4.4.1/../../../../arm-none-eabi/lib/thumb2\libc.a(lib_a-fflush.o)
 .debug_frame   0x00000ddc      0x11c c:/actel/libero_v9.1/softconsole/sourcery-g++/bin/../lib/gcc/arm-none-eabi/4.4.1/../../../../arm-none-eabi/lib/thumb2\libc.a(lib_a-findfp.o)
 .debug_frame   0x00000ef8       0x50 c:/actel/libero_v9.1/softconsole/sourcery-g++/bin/../lib/gcc/arm-none-eabi/4.4.1/../../../../arm-none-eabi/lib/thumb2\libc.a(lib_a-freer.o)
 .debug_frame   0x00000f48       0x3c c:/actel/libero_v9.1/softconsole/sourcery-g++/bin/../lib/gcc/arm-none-eabi/4.4.1/../../../../arm-none-eabi/lib/thumb2\libc.a(lib_a-fvwrite.o)
 .debug_frame   0x00000f84       0x54 c:/actel/libero_v9.1/softconsole/sourcery-g++/bin/../lib/gcc/arm-none-eabi/4.4.1/../../../../arm-none-eabi/lib/thumb2\libc.a(lib_a-fwalk.o)
 .debug_frame   0x00000fd8       0x6c c:/actel/libero_v9.1/softconsole/sourcery-g++/bin/../lib/gcc/arm-none-eabi/4.4.1/../../../../arm-none-eabi/lib/thumb2\libc.a(lib_a-locale.o)
 .debug_frame   0x00001044       0x34 c:/actel/libero_v9.1/softconsole/sourcery-g++/bin/../lib/gcc/arm-none-eabi/4.4.1/../../../../arm-none-eabi/lib/thumb2\libc.a(lib_a-makebuf.o)
 .debug_frame   0x00001078       0x30 c:/actel/libero_v9.1/softconsole/sourcery-g++/bin/../lib/gcc/arm-none-eabi/4.4.1/../../../../arm-none-eabi/lib/thumb2\libc.a(lib_a-malloc.o)
 .debug_frame   0x000010a8       0x3c c:/actel/libero_v9.1/softconsole/sourcery-g++/bin/../lib/gcc/arm-none-eabi/4.4.1/../../../../arm-none-eabi/lib/thumb2\libc.a(lib_a-mallocr.o)
 .debug_frame   0x000010e4       0x28 c:/actel/libero_v9.1/softconsole/sourcery-g++/bin/../lib/gcc/arm-none-eabi/4.4.1/../../../../arm-none-eabi/lib/thumb2\libc.a(lib_a-memchr.o)
 .debug_frame   0x0000110c       0x34 c:/actel/libero_v9.1/softconsole/sourcery-g++/bin/../lib/gcc/arm-none-eabi/4.4.1/../../../../arm-none-eabi/lib/thumb2\libc.a(lib_a-memcpy.o)
 .debug_frame   0x00001140       0x2c c:/actel/libero_v9.1/softconsole/sourcery-g++/bin/../lib/gcc/arm-none-eabi/4.4.1/../../../../arm-none-eabi/lib/thumb2\libc.a(lib_a-memmove.o)
 .debug_frame   0x0000116c       0x28 c:/actel/libero_v9.1/softconsole/sourcery-g++/bin/../lib/gcc/arm-none-eabi/4.4.1/../../../../arm-none-eabi/lib/thumb2\libc.a(lib_a-memset.o)
 .debug_frame   0x00001194       0x30 c:/actel/libero_v9.1/softconsole/sourcery-g++/bin/../lib/gcc/arm-none-eabi/4.4.1/../../../../arm-none-eabi/lib/thumb2\libc.a(lib_a-mlock.o)
 .debug_frame   0x000011c4      0x240 c:/actel/libero_v9.1/softconsole/sourcery-g++/bin/../lib/gcc/arm-none-eabi/4.4.1/../../../../arm-none-eabi/lib/thumb2\libc.a(lib_a-mprec.o)
 .debug_frame   0x00001404       0x3c c:/actel/libero_v9.1/softconsole/sourcery-g++/bin/../lib/gcc/arm-none-eabi/4.4.1/../../../../arm-none-eabi/lib/thumb2\libc.a(lib_a-reallocr.o)
 .debug_frame   0x00001440       0x20 c:/actel/libero_v9.1/softconsole/sourcery-g++/bin/../lib/gcc/arm-none-eabi/4.4.1/../../../../arm-none-eabi/lib/thumb2\libc.a(lib_a-s_isinfd.o)
 .debug_frame   0x00001460       0x20 c:/actel/libero_v9.1/softconsole/sourcery-g++/bin/../lib/gcc/arm-none-eabi/4.4.1/../../../../arm-none-eabi/lib/thumb2\libc.a(lib_a-s_isnand.o)
 .debug_frame   0x00001480       0x2c c:/actel/libero_v9.1/softconsole/sourcery-g++/bin/../lib/gcc/arm-none-eabi/4.4.1/../../../../arm-none-eabi/lib/thumb2\libc.a(lib_a-sbrkr.o)
 .debug_frame   0x000014ac       0x70 c:/actel/libero_v9.1/softconsole/sourcery-g++/bin/../lib/gcc/arm-none-eabi/4.4.1/../../../../arm-none-eabi/lib/thumb2\libc.a(lib_a-stdio.o)
 .debug_frame   0x0000151c       0x30 c:/actel/libero_v9.1/softconsole/sourcery-g++/bin/../lib/gcc/arm-none-eabi/4.4.1/../../../../arm-none-eabi/lib/thumb2\libc.a(lib_a-strcmp.o)
 .debug_frame   0x0000154c       0x20 c:/actel/libero_v9.1/softconsole/sourcery-g++/bin/../lib/gcc/arm-none-eabi/4.4.1/../../../../arm-none-eabi/lib/thumb2\libc.a(lib_a-strlen.o)
 .debug_frame   0x0000156c       0x2c c:/actel/libero_v9.1/softconsole/sourcery-g++/bin/../lib/gcc/arm-none-eabi/4.4.1/../../../../arm-none-eabi/lib/thumb2\libc.a(lib_a-callocr.o)
 .debug_frame   0x00001598       0x2c c:/actel/libero_v9.1/softconsole/sourcery-g++/bin/../lib/gcc/arm-none-eabi/4.4.1/../../../../arm-none-eabi/lib/thumb2\libc.a(lib_a-closer.o)
 .debug_frame   0x000015c4       0x3c c:/actel/libero_v9.1/softconsole/sourcery-g++/bin/../lib/gcc/arm-none-eabi/4.4.1/../../../../arm-none-eabi/lib/thumb2\libc.a(lib_a-fclose.o)
 .debug_frame   0x00001600       0x2c c:/actel/libero_v9.1/softconsole/sourcery-g++/bin/../lib/gcc/arm-none-eabi/4.4.1/../../../../arm-none-eabi/lib/thumb2\libc.a(lib_a-fstatr.o)
 .debug_frame   0x0000162c       0x2c c:/actel/libero_v9.1/softconsole/sourcery-g++/bin/../lib/gcc/arm-none-eabi/4.4.1/../../../../arm-none-eabi/lib/thumb2\libc.a(lib_a-isattyr.o)
 .debug_frame   0x00001658       0x2c c:/actel/libero_v9.1/softconsole/sourcery-g++/bin/../lib/gcc/arm-none-eabi/4.4.1/../../../../arm-none-eabi/lib/thumb2\libc.a(lib_a-lseekr.o)
 .debug_frame   0x00001684       0x2c c:/actel/libero_v9.1/softconsole/sourcery-g++/bin/../lib/gcc/arm-none-eabi/4.4.1/../../../../arm-none-eabi/lib/thumb2\libc.a(lib_a-readr.o)
 .debug_frame   0x000016b0       0x64 c:/actel/libero_v9.1/softconsole/sourcery-g++/bin/../lib/gcc/arm-none-eabi/4.4.1/../../../../arm-none-eabi/lib/thumb2\libc.a(lib_a-reent.o)
 .debug_frame   0x00001714       0x20 c:/actel/libero_v9.1/softconsole/sourcery-g++/bin/../lib/gcc/arm-none-eabi/4.4.1/thumb2\libgcc.a(_udivsi3.o)
 .debug_frame   0x00001734       0x50 c:/actel/libero_v9.1/softconsole/sourcery-g++/bin/../lib/gcc/arm-none-eabi/4.4.1/thumb2\libgcc.a(bpabi.o)
 .debug_frame   0x00001784       0x3c c:/actel/libero_v9.1/softconsole/sourcery-g++/bin/../lib/gcc/arm-none-eabi/4.4.1/thumb2\libgcc.a(_divdi3.o)
 .debug_frame   0x000017c0       0x3c c:/actel/libero_v9.1/softconsole/sourcery-g++/bin/../lib/gcc/arm-none-eabi/4.4.1/thumb2\libgcc.a(_udivdi3.o)

.debug_str      0x00000000     0x27b6
 *(.debug_str)
 .debug_str     0x00000000      0x187 ./controller.o
                                0x1c8 (size before relaxing)
 .debug_str     0x00000187      0xdd7 ./imu.o
                                0xf6c (size before relaxing)
 .debug_str     0x00000f5e      0xba8 ./main.o
                               0x1adb (size before relaxing)
 .debug_str     0x00001b06      0x293 C:/Users/ronakrm/Documents/Downloaded/IntegratedSegway-master/SoftConsole/controller_MSS_MSS_CM3_0/controller_MSS_MSS_CM3_0_hw_platform/Debug/CMSIS/startup_gcc/newlib_stubs.o
                               0x10ce (size before relaxing)
 .debug_str     0x00001d99      0x2df C:\Users\ronakrm\Documents\Downloaded\IntegratedSegway-master\SoftConsole\controller_MSS_MSS_CM3_0\controller_MSS_MSS_CM3_0_hw_platform\Debug\libcontroller_MSS_MSS_CM3_0_hw_platform.a(mss_uart.o)
                               0x14df (size before relaxing)
 .debug_str     0x00002078      0x226 C:\Users\ronakrm\Documents\Downloaded\IntegratedSegway-master\SoftConsole\controller_MSS_MSS_CM3_0\controller_MSS_MSS_CM3_0_hw_platform\Debug\libcontroller_MSS_MSS_CM3_0_hw_platform.a(mss_i2c.o)
                               0x1425 (size before relaxing)
 .debug_str     0x0000229e      0x2df C:\Users\ronakrm\Documents\Downloaded\IntegratedSegway-master\SoftConsole\controller_MSS_MSS_CM3_0\controller_MSS_MSS_CM3_0_hw_platform\Debug\libcontroller_MSS_MSS_CM3_0_hw_platform.a(mss_gpio.o)
                               0x12b7 (size before relaxing)
 .debug_str     0x0000257d      0x142 C:\Users\ronakrm\Documents\Downloaded\IntegratedSegway-master\SoftConsole\controller_MSS_MSS_CM3_0\controller_MSS_MSS_CM3_0_hw_platform\Debug\libcontroller_MSS_MSS_CM3_0_hw_platform.a(core_cm3.o)
                                0x295 (size before relaxing)
 .debug_str     0x000026bf       0xf7 C:\Users\ronakrm\Documents\Downloaded\IntegratedSegway-master\SoftConsole\controller_MSS_MSS_CM3_0\controller_MSS_MSS_CM3_0_hw_platform\Debug\libcontroller_MSS_MSS_CM3_0_hw_platform.a(system_a2fxxxm3.o)
                                0x482 (size before relaxing)

.debug_loc      0x00000000     0x1d07
 *(.debug_loc)
 .debug_loc     0x00000000      0x339 ./controller.o
 .debug_loc     0x00000339      0x1e3 ./imu.o
 .debug_loc     0x0000051c      0x309 ./main.o
 .debug_loc     0x00000825      0x30d C:/Users/ronakrm/Documents/Downloaded/IntegratedSegway-master/SoftConsole/controller_MSS_MSS_CM3_0/controller_MSS_MSS_CM3_0_hw_platform/Debug/CMSIS/startup_gcc/newlib_stubs.o
 .debug_loc     0x00000b32      0x894 C:\Users\ronakrm\Documents\Downloaded\IntegratedSegway-master\SoftConsole\controller_MSS_MSS_CM3_0\controller_MSS_MSS_CM3_0_hw_platform\Debug\libcontroller_MSS_MSS_CM3_0_hw_platform.a(mss_uart.o)
 .debug_loc     0x000013c6      0x5d5 C:\Users\ronakrm\Documents\Downloaded\IntegratedSegway-master\SoftConsole\controller_MSS_MSS_CM3_0\controller_MSS_MSS_CM3_0_hw_platform\Debug\libcontroller_MSS_MSS_CM3_0_hw_platform.a(mss_i2c.o)
 .debug_loc     0x0000199b       0xf1 C:\Users\ronakrm\Documents\Downloaded\IntegratedSegway-master\SoftConsole\controller_MSS_MSS_CM3_0\controller_MSS_MSS_CM3_0_hw_platform\Debug\libcontroller_MSS_MSS_CM3_0_hw_platform.a(mss_gpio.o)
 .debug_loc     0x00001a8c      0x1c8 C:\Users\ronakrm\Documents\Downloaded\IntegratedSegway-master\SoftConsole\controller_MSS_MSS_CM3_0\controller_MSS_MSS_CM3_0_hw_platform\Debug\libcontroller_MSS_MSS_CM3_0_hw_platform.a(core_cm3.o)
 .debug_loc     0x00001c54       0xb3 C:\Users\ronakrm\Documents\Downloaded\IntegratedSegway-master\SoftConsole\controller_MSS_MSS_CM3_0\controller_MSS_MSS_CM3_0_hw_platform\Debug\libcontroller_MSS_MSS_CM3_0_hw_platform.a(system_a2fxxxm3.o)

.debug_macinfo  0x00000000    0x39a1d
 *(.debug_macinfo)
 .debug_macinfo
                0x00000000     0x841b ./controller.o
 .debug_macinfo
                0x0000841b     0x5480 ./imu.o
 .debug_macinfo
                0x0000d89b     0x9d1a ./main.o
 .debug_macinfo
                0x000175b5     0x9964 C:/Users/ronakrm/Documents/Downloaded/IntegratedSegway-master/SoftConsole/controller_MSS_MSS_CM3_0/controller_MSS_MSS_CM3_0_hw_platform/Debug/CMSIS/startup_gcc/newlib_stubs.o
 .debug_macinfo
                0x00020f19     0x63e3 C:\Users\ronakrm\Documents\Downloaded\IntegratedSegway-master\SoftConsole\controller_MSS_MSS_CM3_0\controller_MSS_MSS_CM3_0_hw_platform\Debug\libcontroller_MSS_MSS_CM3_0_hw_platform.a(mss_uart.o)
 .debug_macinfo
                0x000272fc     0x5a64 C:\Users\ronakrm\Documents\Downloaded\IntegratedSegway-master\SoftConsole\controller_MSS_MSS_CM3_0\controller_MSS_MSS_CM3_0_hw_platform\Debug\libcontroller_MSS_MSS_CM3_0_hw_platform.a(mss_i2c.o)
 .debug_macinfo
                0x0002cd60     0x5cfa C:\Users\ronakrm\Documents\Downloaded\IntegratedSegway-master\SoftConsole\controller_MSS_MSS_CM3_0\controller_MSS_MSS_CM3_0_hw_platform\Debug\libcontroller_MSS_MSS_CM3_0_hw_platform.a(mss_gpio.o)
 .debug_macinfo
                0x00032a5a     0x152b C:\Users\ronakrm\Documents\Downloaded\IntegratedSegway-master\SoftConsole\controller_MSS_MSS_CM3_0\controller_MSS_MSS_CM3_0_hw_platform\Debug\libcontroller_MSS_MSS_CM3_0_hw_platform.a(core_cm3.o)
 .debug_macinfo
                0x00033f85     0x5a98 C:\Users\ronakrm\Documents\Downloaded\IntegratedSegway-master\SoftConsole\controller_MSS_MSS_CM3_0\controller_MSS_MSS_CM3_0_hw_platform\Debug\libcontroller_MSS_MSS_CM3_0_hw_platform.a(system_a2fxxxm3.o)

.debug_weaknames
 *(.debug_weaknames)

.debug_funcnames
 *(.debug_funcnames)

.debug_typenames
 *(.debug_typenames)

.debug_varnames
 *(.debug_varnames)

.note.gnu.arm.ident
 *(.note.gnu.arm.ident)

.ARM.attributes
                0x00000000       0x25
 *(.ARM.attributes)
 .ARM.attributes
                0x00000000       0x19 c:/actel/libero_v9.1/softconsole/sourcery-g++/bin/../lib/gcc/arm-none-eabi/4.4.1/thumb2/crti.o
 .ARM.attributes
                0x00000019       0x29 c:/actel/libero_v9.1/softconsole/sourcery-g++/bin/../lib/gcc/arm-none-eabi/4.4.1/thumb2/crtbegin.o
 .ARM.attributes
                0x00000042       0x31 ./controller.o
 .ARM.attributes
                0x00000073       0x31 ./imu.o
 .ARM.attributes
                0x000000a4       0x31 ./main.o
 .ARM.attributes
                0x000000d5       0x21 C:/Users/ronakrm/Documents/Downloaded/IntegratedSegway-master/SoftConsole/controller_MSS_MSS_CM3_0/controller_MSS_MSS_CM3_0_hw_platform/Debug/CMSIS/startup_gcc/startup_a2fxxxm3.o
 .ARM.attributes
                0x000000f6       0x31 C:/Users/ronakrm/Documents/Downloaded/IntegratedSegway-master/SoftConsole/controller_MSS_MSS_CM3_0/controller_MSS_MSS_CM3_0_hw_platform/Debug/CMSIS/startup_gcc/newlib_stubs.o
 .ARM.attributes
                0x00000127       0x31 C:\Users\ronakrm\Documents\Downloaded\IntegratedSegway-master\SoftConsole\controller_MSS_MSS_CM3_0\controller_MSS_MSS_CM3_0_hw_platform\Debug\libcontroller_MSS_MSS_CM3_0_hw_platform.a(mss_uart.o)
 .ARM.attributes
                0x00000158       0x31 C:\Users\ronakrm\Documents\Downloaded\IntegratedSegway-master\SoftConsole\controller_MSS_MSS_CM3_0\controller_MSS_MSS_CM3_0_hw_platform\Debug\libcontroller_MSS_MSS_CM3_0_hw_platform.a(mss_i2c.o)
 .ARM.attributes
                0x00000189       0x31 C:\Users\ronakrm\Documents\Downloaded\IntegratedSegway-master\SoftConsole\controller_MSS_MSS_CM3_0\controller_MSS_MSS_CM3_0_hw_platform\Debug\libcontroller_MSS_MSS_CM3_0_hw_platform.a(mss_gpio.o)
 .ARM.attributes
                0x000001ba       0x31 C:\Users\ronakrm\Documents\Downloaded\IntegratedSegway-master\SoftConsole\controller_MSS_MSS_CM3_0\controller_MSS_MSS_CM3_0_hw_platform\Debug\libcontroller_MSS_MSS_CM3_0_hw_platform.a(core_cm3.o)
 .ARM.attributes
                0x000001eb       0x31 C:\Users\ronakrm\Documents\Downloaded\IntegratedSegway-master\SoftConsole\controller_MSS_MSS_CM3_0\controller_MSS_MSS_CM3_0_hw_platform\Debug\libcontroller_MSS_MSS_CM3_0_hw_platform.a(system_a2fxxxm3.o)
 .ARM.attributes
                0x0000021c       0x1b c:/actel/libero_v9.1/softconsole/sourcery-g++/bin/../lib/gcc/arm-none-eabi/4.4.1/thumb2\libgcc.a(_arm_addsubdf3.o)
 .ARM.attributes
                0x00000237       0x1b c:/actel/libero_v9.1/softconsole/sourcery-g++/bin/../lib/gcc/arm-none-eabi/4.4.1/thumb2\libgcc.a(_arm_muldivdf3.o)
 .ARM.attributes
                0x00000252       0x1b c:/actel/libero_v9.1/softconsole/sourcery-g++/bin/../lib/gcc/arm-none-eabi/4.4.1/thumb2\libgcc.a(_arm_truncdfsf2.o)
 .ARM.attributes
                0x0000026d       0x1b c:/actel/libero_v9.1/softconsole/sourcery-g++/bin/../lib/gcc/arm-none-eabi/4.4.1/thumb2\libgcc.a(_arm_addsubsf3.o)
 .ARM.attributes
                0x00000288       0x1b c:/actel/libero_v9.1/softconsole/sourcery-g++/bin/../lib/gcc/arm-none-eabi/4.4.1/thumb2\libgcc.a(_arm_muldivsf3.o)
 .ARM.attributes
                0x000002a3       0x1b c:/actel/libero_v9.1/softconsole/sourcery-g++/bin/../lib/gcc/arm-none-eabi/4.4.1/thumb2\libgcc.a(_arm_cmpsf2.o)
 .ARM.attributes
                0x000002be       0x1b c:/actel/libero_v9.1/softconsole/sourcery-g++/bin/../lib/gcc/arm-none-eabi/4.4.1/thumb2\libgcc.a(_arm_fixsfsi.o)
 .ARM.attributes
                0x000002d9       0x1b c:/actel/libero_v9.1/softconsole/sourcery-g++/bin/../lib/gcc/arm-none-eabi/4.4.1/thumb2\libgcc.a(_arm_fixunssfsi.o)
 .ARM.attributes
                0x000002f4       0x29 c:/actel/libero_v9.1/softconsole/sourcery-g++/bin/../lib/gcc/arm-none-eabi/4.4.1/../../../../arm-none-eabi/lib/thumb2\libc.a(lib_a-errno.o)
 .ARM.attributes
                0x0000031d       0x29 c:/actel/libero_v9.1/softconsole/sourcery-g++/bin/../lib/gcc/arm-none-eabi/4.4.1/../../../../arm-none-eabi/lib/thumb2\libc.a(lib_a-impure.o)
 .ARM.attributes
                0x00000346       0x29 c:/actel/libero_v9.1/softconsole/sourcery-g++/bin/../lib/gcc/arm-none-eabi/4.4.1/../../../../arm-none-eabi/lib/thumb2\libc.a(lib_a-init.o)
 .ARM.attributes
                0x0000036f       0x29 c:/actel/libero_v9.1/softconsole/sourcery-g++/bin/../lib/gcc/arm-none-eabi/4.4.1/../../../../arm-none-eabi/lib/thumb2\libc.a(lib_a-printf.o)
 .ARM.attributes
                0x00000398       0x29 c:/actel/libero_v9.1/softconsole/sourcery-g++/bin/../lib/gcc/arm-none-eabi/4.4.1/../../../../arm-none-eabi/lib/thumb2\libc.a(lib_a-vfprintf.o)
 .ARM.attributes
                0x000003c1       0x29 c:/actel/libero_v9.1/softconsole/sourcery-g++/bin/../lib/gcc/arm-none-eabi/4.4.1/../../../../arm-none-eabi/lib/thumb2\libc.a(lib_a-wsetup.o)
 .ARM.attributes
                0x000003ea       0x29 c:/actel/libero_v9.1/softconsole/sourcery-g++/bin/../lib/gcc/arm-none-eabi/4.4.1/../../../../arm-none-eabi/lib/thumb2\libc.a(lib_a-dtoa.o)
 .ARM.attributes
                0x00000413       0x29 c:/actel/libero_v9.1/softconsole/sourcery-g++/bin/../lib/gcc/arm-none-eabi/4.4.1/../../../../arm-none-eabi/lib/thumb2\libc.a(lib_a-fflush.o)
 .ARM.attributes
                0x0000043c       0x29 c:/actel/libero_v9.1/softconsole/sourcery-g++/bin/../lib/gcc/arm-none-eabi/4.4.1/../../../../arm-none-eabi/lib/thumb2\libc.a(lib_a-findfp.o)
 .ARM.attributes
                0x00000465       0x29 c:/actel/libero_v9.1/softconsole/sourcery-g++/bin/../lib/gcc/arm-none-eabi/4.4.1/../../../../arm-none-eabi/lib/thumb2\libc.a(lib_a-freer.o)
 .ARM.attributes
                0x0000048e       0x29 c:/actel/libero_v9.1/softconsole/sourcery-g++/bin/../lib/gcc/arm-none-eabi/4.4.1/../../../../arm-none-eabi/lib/thumb2\libc.a(lib_a-fvwrite.o)
 .ARM.attributes
                0x000004b7       0x29 c:/actel/libero_v9.1/softconsole/sourcery-g++/bin/../lib/gcc/arm-none-eabi/4.4.1/../../../../arm-none-eabi/lib/thumb2\libc.a(lib_a-fwalk.o)
 .ARM.attributes
                0x000004e0       0x29 c:/actel/libero_v9.1/softconsole/sourcery-g++/bin/../lib/gcc/arm-none-eabi/4.4.1/../../../../arm-none-eabi/lib/thumb2\libc.a(lib_a-locale.o)
 .ARM.attributes
                0x00000509       0x29 c:/actel/libero_v9.1/softconsole/sourcery-g++/bin/../lib/gcc/arm-none-eabi/4.4.1/../../../../arm-none-eabi/lib/thumb2\libc.a(lib_a-makebuf.o)
 .ARM.attributes
                0x00000532       0x29 c:/actel/libero_v9.1/softconsole/sourcery-g++/bin/../lib/gcc/arm-none-eabi/4.4.1/../../../../arm-none-eabi/lib/thumb2\libc.a(lib_a-malloc.o)
 .ARM.attributes
                0x0000055b       0x29 c:/actel/libero_v9.1/softconsole/sourcery-g++/bin/../lib/gcc/arm-none-eabi/4.4.1/../../../../arm-none-eabi/lib/thumb2\libc.a(lib_a-mallocr.o)
 .ARM.attributes
                0x00000584       0x29 c:/actel/libero_v9.1/softconsole/sourcery-g++/bin/../lib/gcc/arm-none-eabi/4.4.1/../../../../arm-none-eabi/lib/thumb2\libc.a(lib_a-memchr.o)
 .ARM.attributes
                0x000005ad       0x29 c:/actel/libero_v9.1/softconsole/sourcery-g++/bin/../lib/gcc/arm-none-eabi/4.4.1/../../../../arm-none-eabi/lib/thumb2\libc.a(lib_a-memcpy.o)
 .ARM.attributes
                0x000005d6       0x29 c:/actel/libero_v9.1/softconsole/sourcery-g++/bin/../lib/gcc/arm-none-eabi/4.4.1/../../../../arm-none-eabi/lib/thumb2\libc.a(lib_a-memmove.o)
 .ARM.attributes
                0x000005ff       0x29 c:/actel/libero_v9.1/softconsole/sourcery-g++/bin/../lib/gcc/arm-none-eabi/4.4.1/../../../../arm-none-eabi/lib/thumb2\libc.a(lib_a-memset.o)
 .ARM.attributes
                0x00000628       0x29 c:/actel/libero_v9.1/softconsole/sourcery-g++/bin/../lib/gcc/arm-none-eabi/4.4.1/../../../../arm-none-eabi/lib/thumb2\libc.a(lib_a-mlock.o)
 .ARM.attributes
                0x00000651       0x29 c:/actel/libero_v9.1/softconsole/sourcery-g++/bin/../lib/gcc/arm-none-eabi/4.4.1/../../../../arm-none-eabi/lib/thumb2\libc.a(lib_a-mprec.o)
 .ARM.attributes
                0x0000067a       0x29 c:/actel/libero_v9.1/softconsole/sourcery-g++/bin/../lib/gcc/arm-none-eabi/4.4.1/../../../../arm-none-eabi/lib/thumb2\libc.a(lib_a-reallocr.o)
 .ARM.attributes
                0x000006a3       0x29 c:/actel/libero_v9.1/softconsole/sourcery-g++/bin/../lib/gcc/arm-none-eabi/4.4.1/../../../../arm-none-eabi/lib/thumb2\libc.a(lib_a-s_isinfd.o)
 .ARM.attributes
                0x000006cc       0x29 c:/actel/libero_v9.1/softconsole/sourcery-g++/bin/../lib/gcc/arm-none-eabi/4.4.1/../../../../arm-none-eabi/lib/thumb2\libc.a(lib_a-s_isnand.o)
 .ARM.attributes
                0x000006f5       0x29 c:/actel/libero_v9.1/softconsole/sourcery-g++/bin/../lib/gcc/arm-none-eabi/4.4.1/../../../../arm-none-eabi/lib/thumb2\libc.a(lib_a-sbrkr.o)
 .ARM.attributes
                0x0000071e       0x29 c:/actel/libero_v9.1/softconsole/sourcery-g++/bin/../lib/gcc/arm-none-eabi/4.4.1/../../../../arm-none-eabi/lib/thumb2\libc.a(lib_a-stdio.o)
 .ARM.attributes
                0x00000747       0x29 c:/actel/libero_v9.1/softconsole/sourcery-g++/bin/../lib/gcc/arm-none-eabi/4.4.1/../../../../arm-none-eabi/lib/thumb2\libc.a(lib_a-strcmp.o)
 .ARM.attributes
                0x00000770       0x29 c:/actel/libero_v9.1/softconsole/sourcery-g++/bin/../lib/gcc/arm-none-eabi/4.4.1/../../../../arm-none-eabi/lib/thumb2\libc.a(lib_a-strlen.o)
 .ARM.attributes
                0x00000799       0x29 c:/actel/libero_v9.1/softconsole/sourcery-g++/bin/../lib/gcc/arm-none-eabi/4.4.1/../../../../arm-none-eabi/lib/thumb2\libc.a(lib_a-callocr.o)
 .ARM.attributes
                0x000007c2       0x29 c:/actel/libero_v9.1/softconsole/sourcery-g++/bin/../lib/gcc/arm-none-eabi/4.4.1/../../../../arm-none-eabi/lib/thumb2\libc.a(lib_a-closer.o)
 .ARM.attributes
                0x000007eb       0x29 c:/actel/libero_v9.1/softconsole/sourcery-g++/bin/../lib/gcc/arm-none-eabi/4.4.1/../../../../arm-none-eabi/lib/thumb2\libc.a(lib_a-fclose.o)
 .ARM.attributes
                0x00000814       0x29 c:/actel/libero_v9.1/softconsole/sourcery-g++/bin/../lib/gcc/arm-none-eabi/4.4.1/../../../../arm-none-eabi/lib/thumb2\libc.a(lib_a-fstatr.o)
 .ARM.attributes
                0x0000083d       0x29 c:/actel/libero_v9.1/softconsole/sourcery-g++/bin/../lib/gcc/arm-none-eabi/4.4.1/../../../../arm-none-eabi/lib/thumb2\libc.a(lib_a-isattyr.o)
 .ARM.attributes
                0x00000866       0x29 c:/actel/libero_v9.1/softconsole/sourcery-g++/bin/../lib/gcc/arm-none-eabi/4.4.1/../../../../arm-none-eabi/lib/thumb2\libc.a(lib_a-lseekr.o)
 .ARM.attributes
                0x0000088f       0x29 c:/actel/libero_v9.1/softconsole/sourcery-g++/bin/../lib/gcc/arm-none-eabi/4.4.1/../../../../arm-none-eabi/lib/thumb2\libc.a(lib_a-readr.o)
 .ARM.attributes
                0x000008b8       0x29 c:/actel/libero_v9.1/softconsole/sourcery-g++/bin/../lib/gcc/arm-none-eabi/4.4.1/../../../../arm-none-eabi/lib/thumb2\libc.a(lib_a-reent.o)
 .ARM.attributes
                0x000008e1       0x1b c:/actel/libero_v9.1/softconsole/sourcery-g++/bin/../lib/gcc/arm-none-eabi/4.4.1/thumb2\libgcc.a(_udivsi3.o)
 .ARM.attributes
                0x000008fc       0x1b c:/actel/libero_v9.1/softconsole/sourcery-g++/bin/../lib/gcc/arm-none-eabi/4.4.1/thumb2\libgcc.a(_dvmd_tls.o)
 .ARM.attributes
                0x00000917       0x1b c:/actel/libero_v9.1/softconsole/sourcery-g++/bin/../lib/gcc/arm-none-eabi/4.4.1/thumb2\libgcc.a(_arm_cmpdf2.o)
 .ARM.attributes
                0x00000932       0x1b c:/actel/libero_v9.1/softconsole/sourcery-g++/bin/../lib/gcc/arm-none-eabi/4.4.1/thumb2\libgcc.a(_arm_fixdfsi.o)
 .ARM.attributes
                0x0000094d       0x1b c:/actel/libero_v9.1/softconsole/sourcery-g++/bin/../lib/gcc/arm-none-eabi/4.4.1/thumb2\libgcc.a(_aeabi_uldivmod.o)
 .ARM.attributes